2026-02-04T16:20:32.9514994Z Current runner version: '2.331.0'
2026-02-04T16:20:32.9540139Z ##[group]Runner Image Provisioner
2026-02-04T16:20:32.9540975Z Hosted Compute Agent
2026-02-04T16:20:32.9541483Z Version: 20260123.484
2026-02-04T16:20:32.9542340Z Commit: 6bd6555ca37d84114959e1c76d2c01448ff61c5d
2026-02-04T16:20:32.9543013Z Build Date: 2026-01-23T19:41:17Z
2026-02-04T16:20:32.9543654Z Worker ID: {432fe579-9212-46fc-a74d-45abd850b2d6}
2026-02-04T16:20:32.9544460Z Azure Region: westus
2026-02-04T16:20:32.9544960Z ##[endgroup]
2026-02-04T16:20:32.9546367Z ##[group]Operating System
2026-02-04T16:20:32.9547026Z Ubuntu
2026-02-04T16:20:32.9547498Z 24.04.3
2026-02-04T16:20:32.9547913Z LTS
2026-02-04T16:20:32.9548455Z ##[endgroup]
2026-02-04T16:20:32.9548913Z ##[group]Runner Image
2026-02-04T16:20:32.9549440Z Image: ubuntu-24.04
2026-02-04T16:20:32.9549942Z Version: 20260126.10.1
2026-02-04T16:20:32.9551135Z Included Software: https://github.com/actions/runner-images/blob/ubuntu24/20260126.10/images/ubuntu/Ubuntu2404-Readme.md
2026-02-04T16:20:32.9552820Z Image Release: https://github.com/actions/runner-images/releases/tag/ubuntu24%2F20260126.10
2026-02-04T16:20:32.9553714Z ##[endgroup]
2026-02-04T16:20:32.9554819Z ##[group]GITHUB_TOKEN Permissions
2026-02-04T16:20:32.9556643Z Contents: read
2026-02-04T16:20:32.9557164Z Metadata: read
2026-02-04T16:20:32.9557781Z Packages: read
2026-02-04T16:20:32.9558257Z ##[endgroup]
2026-02-04T16:20:32.9560361Z Secret source: Actions
2026-02-04T16:20:32.9561397Z Prepare workflow directory
2026-02-04T16:20:33.0122775Z Prepare all required actions
2026-02-04T16:20:33.0160465Z Getting action download info
2026-02-04T16:20:33.5789544Z Download action repository 'actions/checkout@11bd71901bbe5b1630ceea73d27597364c9af683' (SHA:11bd71901bbe5b1630ceea73d27597364c9af683)
2026-02-04T16:20:33.6976300Z Download action repository 'actions/setup-dotnet@v4' (SHA:67a3573c9a986a3f9c594539f4ab511d57bb3ce9)
2026-02-04T16:20:34.7828663Z Download action repository 'actions/download-artifact@cc203385981b70ca67e1cc392babf9cc229d5806' (SHA:cc203385981b70ca67e1cc392babf9cc229d5806)
2026-02-04T16:20:35.8664792Z Download action repository 'actions/upload-artifact@4cec3d8aa04e39d1a68397de0c4cd6fb9dce8ec1' (SHA:4cec3d8aa04e39d1a68397de0c4cd6fb9dce8ec1)
2026-02-04T16:20:36.1670970Z Uses: dotnet/aspire/.github/workflows/run-tests.yml@refs/pull/14105/merge (06a750cf13172737c83443bf466e8b6d3560ff81)
2026-02-04T16:20:36.1675821Z ##[group] Inputs
2026-02-04T16:20:36.1676125Z   testShortName: LogsCommandTests
2026-02-04T16:20:36.1676558Z   testProjectPath: tests/Aspire.Cli.EndToEnd.Tests/Aspire.Cli.EndToEnd.Tests.csproj
2026-02-04T16:20:36.1676994Z   testSessionTimeout: 20m
2026-02-04T16:20:36.1677215Z   testHangTimeout: 12m
2026-02-04T16:20:36.1677836Z   extraTestArgs: --filter-not-trait quarantined=true --filter-not-trait outerloop=true --filter-class Aspire.Cli.EndToEnd.Tests.LogsCommandTests
2026-02-04T16:20:36.1678556Z   versionOverrideArg: /p:VersionSuffix=pr.14105.gdb1d41b5
2026-02-04T16:20:36.1679349Z   requiresNugets: false
2026-02-04T16:20:36.1679605Z   requiresTestSdk: false
2026-02-04T16:20:36.1679833Z   enablePlaywrightInstall: false
2026-02-04T16:20:36.1680086Z   os: ubuntu-latest
2026-02-04T16:20:36.1680301Z   ignoreTestFailures: false
2026-02-04T16:20:36.1680540Z ##[endgroup]
2026-02-04T16:20:36.1680909Z Complete job name: Tests / Cli E2E Linux (LogsCommandTests) / LogsCommandTests (ubuntu-latest)
2026-02-04T16:20:36.2333663Z ##[group]Run if ([string]::IsNullOrEmpty("LogsCommandTests")) {
2026-02-04T16:20:36.2334207Z [36;1mif ([string]::IsNullOrEmpty("LogsCommandTests")) {[0m
2026-02-04T16:20:36.2334608Z [36;1m  Write-Error "Error: testShortName is required."[0m
2026-02-04T16:20:36.2334911Z [36;1m  exit 1[0m
2026-02-04T16:20:36.2335088Z [36;1m}[0m
2026-02-04T16:20:36.2391468Z shell: /usr/bin/pwsh -command ". '{0}'"
2026-02-04T16:20:36.2392120Z env:
2026-02-04T16:20:36.2392600Z   DOTNET_ROOT: /home/runner/work/aspire/aspire/.dotnet
2026-02-04T16:20:36.2392929Z ##[endgroup]
2026-02-04T16:20:39.8396401Z ##[group]Run echo "DOTNET_SCRIPT=./dotnet.sh" >> $GITHUB_ENV
2026-02-04T16:20:39.8397121Z [36;1mecho "DOTNET_SCRIPT=./dotnet.sh" >> $GITHUB_ENV[0m
2026-02-04T16:20:39.8397488Z [36;1mecho "BUILD_SCRIPT=./build.sh" >> $GITHUB_ENV[0m
2026-02-04T16:20:39.8397949Z [36;1mecho "TEST_RUN_PATH=/home/runner/work/aspire/aspire/run-tests" >> $GITHUB_ENV[0m
2026-02-04T16:20:39.8398486Z [36;1mecho /home/runner/work/aspire/aspire/.dotnet >> $GITHUB_PATH[0m
2026-02-04T16:20:39.8430232Z shell: /usr/bin/bash -e {0}
2026-02-04T16:20:39.8430513Z env:
2026-02-04T16:20:39.8430768Z   DOTNET_ROOT: /home/runner/work/aspire/aspire/.dotnet
2026-02-04T16:20:39.8431093Z ##[endgroup]
2026-02-04T16:20:39.8630152Z ##[group]Run actions/checkout@11bd71901bbe5b1630ceea73d27597364c9af683
2026-02-04T16:20:39.8630554Z with:
2026-02-04T16:20:39.8630743Z   repository: dotnet/aspire
2026-02-04T16:20:39.8631151Z   token: ***
2026-02-04T16:20:39.8631325Z   ssh-strict: true
2026-02-04T16:20:39.8631517Z   ssh-user: git
2026-02-04T16:20:39.8631722Z   persist-credentials: true
2026-02-04T16:20:39.8631961Z   clean: true
2026-02-04T16:20:39.8632152Z   sparse-checkout-cone-mode: true
2026-02-04T16:20:39.8632749Z   fetch-depth: 1
2026-02-04T16:20:39.8633052Z   fetch-tags: false
2026-02-04T16:20:39.8633322Z   show-progress: true
2026-02-04T16:20:39.8633506Z   lfs: false
2026-02-04T16:20:39.8633677Z   submodules: false
2026-02-04T16:20:39.8633869Z   set-safe-directory: true
2026-02-04T16:20:39.8634069Z env:
2026-02-04T16:20:39.8634280Z   DOTNET_ROOT: /home/runner/work/aspire/aspire/.dotnet
2026-02-04T16:20:39.8634567Z   DOTNET_SCRIPT: ./dotnet.sh
2026-02-04T16:20:39.8634783Z   BUILD_SCRIPT: ./build.sh
2026-02-04T16:20:39.8635106Z   TEST_RUN_PATH: /home/runner/work/aspire/aspire/run-tests
2026-02-04T16:20:39.8635405Z ##[endgroup]
2026-02-04T16:20:39.9700355Z Syncing repository: dotnet/aspire
2026-02-04T16:20:39.9701720Z ##[group]Getting Git version info
2026-02-04T16:20:39.9702087Z Working directory is '/home/runner/work/aspire/aspire'
2026-02-04T16:20:39.9703012Z [command]/usr/bin/git version
2026-02-04T16:20:39.9809718Z git version 2.52.0
2026-02-04T16:20:39.9836459Z ##[endgroup]
2026-02-04T16:20:39.9850491Z Temporarily overriding HOME='/home/runner/work/_temp/978d9404-fb52-41a4-a8bd-71023223889d' before making global git config changes
2026-02-04T16:20:39.9851383Z Adding repository directory to the temporary git global config as a safe directory
2026-02-04T16:20:39.9856187Z [command]/usr/bin/git config --global --add safe.directory /home/runner/work/aspire/aspire
2026-02-04T16:20:39.9899102Z Deleting the contents of '/home/runner/work/aspire/aspire'
2026-02-04T16:20:39.9903711Z ##[group]Initializing the repository
2026-02-04T16:20:39.9908328Z [command]/usr/bin/git init /home/runner/work/aspire/aspire
2026-02-04T16:20:40.0041433Z hint: Using 'master' as the name for the initial branch. This default branch name
2026-02-04T16:20:40.0042853Z hint: will change to "main" in Git 3.0. To configure the initial branch name
2026-02-04T16:20:40.0043447Z hint: to use in all of your new repositories, which will suppress this warning,
2026-02-04T16:20:40.0043895Z hint: call:
2026-02-04T16:20:40.0044079Z hint:
2026-02-04T16:20:40.0044470Z hint: 	git config --global init.defaultBranch <name>
2026-02-04T16:20:40.0045047Z hint:
2026-02-04T16:20:40.0045583Z hint: Names commonly chosen instead of 'master' are 'main', 'trunk' and
2026-02-04T16:20:40.0046261Z hint: 'development'. The just-created branch can be renamed via this command:
2026-02-04T16:20:40.0046708Z hint:
2026-02-04T16:20:40.0047055Z hint: 	git branch -m <name>
2026-02-04T16:20:40.0047441Z hint:
2026-02-04T16:20:40.0048053Z hint: Disable this message with "git config set advice.defaultBranchName false"
2026-02-04T16:20:40.0049233Z Initialized empty Git repository in /home/runner/work/aspire/aspire/.git/
2026-02-04T16:20:40.0059897Z [command]/usr/bin/git remote add origin https://github.com/dotnet/aspire
2026-02-04T16:20:40.0105804Z ##[endgroup]
2026-02-04T16:20:40.0106454Z ##[group]Disabling automatic garbage collection
2026-02-04T16:20:40.0111250Z [command]/usr/bin/git config --local gc.auto 0
2026-02-04T16:20:40.0140238Z ##[endgroup]
2026-02-04T16:20:40.0140868Z ##[group]Setting up auth
2026-02-04T16:20:40.0148518Z [command]/usr/bin/git config --local --name-only --get-regexp core\.sshCommand
2026-02-04T16:20:40.0179148Z [command]/usr/bin/git submodule foreach --recursive sh -c "git config --local --name-only --get-regexp 'core\.sshCommand' && git config --local --unset-all 'core.sshCommand' || :"
2026-02-04T16:20:40.0557644Z [command]/usr/bin/git config --local --name-only --get-regexp http\.https\:\/\/github\.com\/\.extraheader
2026-02-04T16:20:40.0592615Z [command]/usr/bin/git submodule foreach --recursive sh -c "git config --local --name-only --get-regexp 'http\.https\:\/\/github\.com\/\.extraheader' && git config --local --unset-all 'http.https://github.com/.extraheader' || :"
2026-02-04T16:20:40.0820959Z [command]/usr/bin/git config --local http.https://github.com/.extraheader AUTHORIZATION: basic ***
2026-02-04T16:20:40.0859387Z ##[endgroup]
2026-02-04T16:20:40.0860053Z ##[group]Fetching the repository
2026-02-04T16:20:40.0869017Z [command]/usr/bin/git -c protocol.version=2 fetch --no-tags --prune --no-recurse-submodules --depth=1 origin +06a750cf13172737c83443bf466e8b6d3560ff81:refs/remotes/pull/14105/merge
2026-02-04T16:20:41.3639557Z From https://github.com/dotnet/aspire
2026-02-04T16:20:41.3640501Z  * [new ref]         06a750cf13172737c83443bf466e8b6d3560ff81 -> pull/14105/merge
2026-02-04T16:20:41.3672765Z ##[endgroup]
2026-02-04T16:20:41.3673376Z ##[group]Determining the checkout info
2026-02-04T16:20:41.3675527Z ##[endgroup]
2026-02-04T16:20:41.3680985Z [command]/usr/bin/git sparse-checkout disable
2026-02-04T16:20:41.3724070Z [command]/usr/bin/git config --local --unset-all extensions.worktreeConfig
2026-02-04T16:20:41.3751881Z ##[group]Checking out the ref
2026-02-04T16:20:41.3756636Z [command]/usr/bin/git checkout --progress --force refs/remotes/pull/14105/merge
2026-02-04T16:20:41.8099316Z Note: switching to 'refs/remotes/pull/14105/merge'.
2026-02-04T16:20:41.8099924Z 
2026-02-04T16:20:41.8100307Z You are in 'detached HEAD' state. You can look around, make experimental
2026-02-04T16:20:41.8101238Z changes and commit them, and you can discard any commits you make in this
2026-02-04T16:20:41.8102147Z state without impacting any branches by switching back to a branch.
2026-02-04T16:20:41.8103020Z 
2026-02-04T16:20:41.8103387Z If you want to create a new branch to retain commits you create, you may
2026-02-04T16:20:41.8104260Z do so (now or later) by using -c with the switch command. Example:
2026-02-04T16:20:41.8104798Z 
2026-02-04T16:20:41.8105036Z   git switch -c <new-branch-name>
2026-02-04T16:20:41.8105404Z 
2026-02-04T16:20:41.8105596Z Or undo this operation with:
2026-02-04T16:20:41.8105951Z 
2026-02-04T16:20:41.8106106Z   git switch -
2026-02-04T16:20:41.8106541Z 
2026-02-04T16:20:41.8110324Z Turn off this advice by setting config variable advice.detachedHead to false
2026-02-04T16:20:41.8110901Z 
2026-02-04T16:20:41.8114054Z HEAD is now at 06a750c Merge db1d41b5d23d1dd18a12bb6d75d3ba5337d78f30 into 5cefb4354cee86a0a55330813f2f8af644fa08c5
2026-02-04T16:20:41.8127165Z ##[endgroup]
2026-02-04T16:20:41.8170706Z [command]/usr/bin/git log -1 --format=%H
2026-02-04T16:20:41.8194835Z 06a750cf13172737c83443bf466e8b6d3560ff81
2026-02-04T16:20:41.8324136Z ##[group]Run ./dotnet.sh dev-certs https --trust
2026-02-04T16:20:41.8324515Z [36;1m./dotnet.sh dev-certs https --trust[0m
2026-02-04T16:20:41.8355399Z shell: /usr/bin/bash -e {0}
2026-02-04T16:20:41.8355777Z env:
2026-02-04T16:20:41.8356168Z   DOTNET_ROOT: /home/runner/work/aspire/aspire/.dotnet
2026-02-04T16:20:41.8356712Z   DOTNET_SCRIPT: ./dotnet.sh
2026-02-04T16:20:41.8357050Z   BUILD_SCRIPT: ./build.sh
2026-02-04T16:20:41.8357496Z   TEST_RUN_PATH: /home/runner/work/aspire/aspire/run-tests
2026-02-04T16:20:41.8357804Z ##[endgroup]
2026-02-04T16:20:41.8585329Z Downloading 'https://builds.dotnet.microsoft.com/dotnet/scripts/v1/dotnet-install.sh'
2026-02-04T16:20:41.9083087Z   Attempting to install 'sdk v10.0.102' from public_location.
2026-02-04T16:20:42.5670456Z dotnet-install: Attempting to download using primary link https://builds.dotnet.microsoft.com/dotnet/Sdk/10.0.102/dotnet-sdk-10.0.102-linux-x64.tar.gz
2026-02-04T16:20:43.8377662Z dotnet-install: Remote file https://builds.dotnet.microsoft.com/dotnet/Sdk/10.0.102/dotnet-sdk-10.0.102-linux-x64.tar.gz size is 240084834 bytes.
2026-02-04T16:20:43.8380467Z dotnet-install: Extracting archive from https://builds.dotnet.microsoft.com/dotnet/Sdk/10.0.102/dotnet-sdk-10.0.102-linux-x64.tar.gz
2026-02-04T16:20:48.5746386Z dotnet-install: Downloaded file size is 240084834 bytes.
2026-02-04T16:20:48.5747046Z dotnet-install: The remote and local file sizes are equal.
2026-02-04T16:20:48.8513973Z dotnet-install: Installed version is 10.0.102
2026-02-04T16:20:48.8580894Z dotnet-install: Adding to current process PATH: `/home/runner/work/aspire/aspire/.dotnet`. Note: This change will be visible only when sourcing script.
2026-02-04T16:20:48.8582554Z dotnet-install: Note that the script does not resolve dependencies during installation.
2026-02-04T16:20:48.8584113Z dotnet-install: To check the list of dependencies, go to https://learn.microsoft.com/dotnet/core/install, select your operating system and check the "Dependencies" section.
2026-02-04T16:20:48.8585144Z dotnet-install: Installation finished successfully.
2026-02-04T16:20:49.5324676Z Trusting the HTTPS development certificate was requested. Trust is per-user and may require additional configuration. See https://aka.ms/dev-certs-trust for more information.
2026-02-04T16:20:49.6193979Z Successfully trusted the existing HTTPS certificate.
2026-02-04T16:20:49.6330506Z ##[group]Run docker info
2026-02-04T16:20:49.6330797Z [36;1mdocker info[0m
2026-02-04T16:20:49.6361927Z shell: /usr/bin/bash -e {0}
2026-02-04T16:20:49.6362439Z env:
2026-02-04T16:20:49.6362697Z   DOTNET_ROOT: /home/runner/work/aspire/aspire/.dotnet
2026-02-04T16:20:49.6363026Z   DOTNET_SCRIPT: ./dotnet.sh
2026-02-04T16:20:49.6363276Z   BUILD_SCRIPT: ./build.sh
2026-02-04T16:20:49.6363548Z   TEST_RUN_PATH: /home/runner/work/aspire/aspire/run-tests
2026-02-04T16:20:49.6363863Z ##[endgroup]
2026-02-04T16:20:50.0333932Z Client: Docker Engine - Community
2026-02-04T16:20:50.0334486Z  Version:    28.0.4
2026-02-04T16:20:50.0334824Z  Context:    default
2026-02-04T16:20:50.0335176Z  Debug Mode: false
2026-02-04T16:20:50.0335454Z  Plugins:
2026-02-04T16:20:50.0335772Z   buildx: Docker Buildx (Docker Inc.)
2026-02-04T16:20:50.0336188Z     Version:  v0.31.0
2026-02-04T16:20:50.0336616Z     Path:     /usr/libexec/docker/cli-plugins/docker-buildx
2026-02-04T16:20:50.0337341Z   compose: Docker Compose (Docker Inc.)
2026-02-04T16:20:50.0337869Z     Version:  v2.38.2
2026-02-04T16:20:50.0338469Z     Path:     /usr/libexec/docker/cli-plugins/docker-compose
2026-02-04T16:20:50.0338987Z 
2026-02-04T16:20:50.0339131Z Server:
2026-02-04T16:20:50.0339491Z  Containers: 0
2026-02-04T16:20:50.0339847Z   Running: 0
2026-02-04T16:20:50.0340165Z   Paused: 0
2026-02-04T16:20:50.0340532Z   Stopped: 0
2026-02-04T16:20:50.0340867Z  Images: 1
2026-02-04T16:20:50.0341223Z  Server Version: 28.0.4
2026-02-04T16:20:50.0341588Z  Storage Driver: overlay2
2026-02-04T16:20:50.0342084Z   Backing Filesystem: extfs
2026-02-04T16:20:50.0342798Z   Supports d_type: true
2026-02-04T16:20:50.0343238Z   Using metacopy: false
2026-02-04T16:20:50.0343690Z   Native Overlay Diff: false
2026-02-04T16:20:50.0344158Z   userxattr: false
2026-02-04T16:20:50.0344483Z  Logging Driver: json-file
2026-02-04T16:20:50.0344831Z  Cgroup Driver: systemd
2026-02-04T16:20:50.0345155Z  Cgroup Version: 2
2026-02-04T16:20:50.0345422Z  Plugins:
2026-02-04T16:20:50.0345695Z   Volume: local
2026-02-04T16:20:50.0346080Z   Network: bridge host ipvlan macvlan null overlay
2026-02-04T16:20:50.0346805Z   Log: awslogs fluentd gcplogs gelf journald json-file local splunk syslog
2026-02-04T16:20:50.0347461Z  Swarm: inactive
2026-02-04T16:20:50.0347829Z  Runtimes: io.containerd.runc.v2 runc
2026-02-04T16:20:50.0348273Z  Default Runtime: runc
2026-02-04T16:20:50.0349084Z  Init Binary: docker-init
2026-02-04T16:20:50.0349596Z  containerd version: dea7da592f5d1d2b7755e3a161be07f43fad8f75
2026-02-04T16:20:50.0350162Z  runc version: v1.3.4-0-gd6d73eb8
2026-02-04T16:20:50.0350602Z  init version: de40ad0
2026-02-04T16:20:50.0350978Z  Security Options:
2026-02-04T16:20:50.0351322Z   apparmor
2026-02-04T16:20:50.0351606Z   seccomp
2026-02-04T16:20:50.0351909Z    Profile: builtin
2026-02-04T16:20:50.0352526Z   cgroupns
2026-02-04T16:20:50.0352863Z  Kernel Version: 6.11.0-1018-azure
2026-02-04T16:20:50.0353304Z  Operating System: Ubuntu 24.04.3 LTS
2026-02-04T16:20:50.0353749Z  OSType: linux
2026-02-04T16:20:50.0354077Z  Architecture: x86_64
2026-02-04T16:20:50.0354410Z  CPUs: 4
2026-02-04T16:20:50.0354698Z  Total Memory: 15.62GiB
2026-02-04T16:20:50.0355055Z  Name: runnervmkj6or
2026-02-04T16:20:50.0355420Z  ID: d1587796-e338-4253-a941-b5a378ddb055
2026-02-04T16:20:50.0355880Z  Docker Root Dir: /var/lib/docker
2026-02-04T16:20:50.0356302Z  Debug Mode: false
2026-02-04T16:20:50.0356633Z  Username: githubactions
2026-02-04T16:20:50.0357013Z  Experimental: false
2026-02-04T16:20:50.0357367Z  Insecure Registries:
2026-02-04T16:20:50.0362381Z   ::1/128
2026-02-04T16:20:50.0362696Z   127.0.0.0/8
2026-02-04T16:20:50.0363035Z  Live Restore Enabled: false
2026-02-04T16:20:50.0363346Z 
2026-02-04T16:20:50.0438082Z ##[group]Run $testShortName = "LogsCommandTests"
2026-02-04T16:20:50.0438477Z [36;1m$testShortName = "LogsCommandTests"[0m
2026-02-04T16:20:50.0438983Z [36;1m$overrideTestProjectPath = "tests/Aspire.Cli.EndToEnd.Tests/Aspire.Cli.EndToEnd.Tests.csproj"[0m
2026-02-04T16:20:50.0439744Z [36;1m$projectPath1 = "/home/runner/work/aspire/aspire/tests/$testShortName.Tests/$testShortName.Tests.csproj"[0m
2026-02-04T16:20:50.0440575Z [36;1m$projectPath2 = "/home/runner/work/aspire/aspire/tests/Aspire.$testShortName.Tests/Aspire.$testShortName.Tests.csproj"[0m
2026-02-04T16:20:50.0441117Z [36;1m[0m
2026-02-04T16:20:50.0441401Z [36;1mif (-not [string]::IsNullOrEmpty($overrideTestProjectPath)) {[0m
2026-02-04T16:20:50.0441958Z [36;1m    $projectPath = "/home/runner/work/aspire/aspire/$overrideTestProjectPath"[0m
2026-02-04T16:20:50.0442683Z [36;1m} elseif (Test-Path -Path $projectPath1) {[0m
2026-02-04T16:20:50.0442991Z [36;1m    $projectPath = $projectPath1[0m
2026-02-04T16:20:50.0443315Z [36;1m} elseif (Test-Path -Path $projectPath2) {[0m
2026-02-04T16:20:50.0443604Z [36;1m    $projectPath = $projectPath2[0m
2026-02-04T16:20:50.0443844Z [36;1m} else {[0m
2026-02-04T16:20:50.0444076Z [36;1m    Write-Error "No matching project path found."[0m
2026-02-04T16:20:50.0444365Z [36;1m    exit 1[0m
2026-02-04T16:20:50.0444537Z [36;1m}[0m
2026-02-04T16:20:50.0444687Z [36;1m[0m
2026-02-04T16:20:50.0444948Z [36;1m$filenameWithoutExtension = (Get-Item $projectPath).BaseName[0m
2026-02-04T16:20:50.0445368Z [36;1mecho "TEST_PROJECT_PATH=$projectPath" >> $env:GITHUB_ENV[0m
2026-02-04T16:20:50.0445808Z [36;1mecho "TEST_ASSEMBLY_NAME=$filenameWithoutExtension" >> $env:GITHUB_ENV[0m
2026-02-04T16:20:50.0480023Z shell: /usr/bin/pwsh -command ". '{0}'"
2026-02-04T16:20:50.0480295Z env:
2026-02-04T16:20:50.0480525Z   DOTNET_ROOT: /home/runner/work/aspire/aspire/.dotnet
2026-02-04T16:20:50.0480828Z   DOTNET_SCRIPT: ./dotnet.sh
2026-02-04T16:20:50.0481052Z   BUILD_SCRIPT: ./build.sh
2026-02-04T16:20:50.0481326Z   TEST_RUN_PATH: /home/runner/work/aspire/aspire/run-tests
2026-02-04T16:20:50.0481618Z ##[endgroup]
2026-02-04T16:20:51.0595821Z ##[group]Run ./build.sh -restore -ci -build -projects /home/runner/work/aspire/aspire/tests/Aspire.Cli.EndToEnd.Tests/Aspire.Cli.EndToEnd.Tests.csproj /p:InstallBrowsersForPlaywright=false /p:VersionSuffix=pr.14105.gdb1d41b5
2026-02-04T16:20:51.0597416Z [36;1m./build.sh -restore -ci -build -projects /home/runner/work/aspire/aspire/tests/Aspire.Cli.EndToEnd.Tests/Aspire.Cli.EndToEnd.Tests.csproj /p:InstallBrowsersForPlaywright=false /p:VersionSuffix=pr.14105.gdb1d41b5[0m
2026-02-04T16:20:51.0629947Z shell: /usr/bin/bash -e {0}
2026-02-04T16:20:51.0630370Z env:
2026-02-04T16:20:51.0630602Z   DOTNET_ROOT: /home/runner/work/aspire/aspire/.dotnet
2026-02-04T16:20:51.0630916Z   DOTNET_SCRIPT: ./dotnet.sh
2026-02-04T16:20:51.0631148Z   BUILD_SCRIPT: ./build.sh
2026-02-04T16:20:51.0631408Z   TEST_RUN_PATH: /home/runner/work/aspire/aspire/run-tests
2026-02-04T16:20:51.0632046Z   TEST_PROJECT_PATH: /home/runner/work/aspire/aspire/tests/Aspire.Cli.EndToEnd.Tests/Aspire.Cli.EndToEnd.Tests.csproj
2026-02-04T16:20:51.0632927Z   TEST_ASSEMBLY_NAME: Aspire.Cli.EndToEnd.Tests
2026-02-04T16:20:51.0633201Z ##[endgroup]
2026-02-04T16:20:51.1273855Z ##vso[task.setvariable variable=Artifacts;isSecret=false;isOutput=true]/home/runner/work/aspire/aspire/artifacts
2026-02-04T16:20:51.1307778Z ##vso[task.setvariable variable=Artifacts.Toolset;isSecret=false;isOutput=true]/home/runner/work/aspire/aspire/artifacts/toolset
2026-02-04T16:20:51.1343007Z ##vso[task.setvariable variable=Artifacts.Log;isSecret=false;isOutput=true]/home/runner/work/aspire/aspire/artifacts/log/Debug
2026-02-04T16:20:51.1377340Z ##vso[task.setvariable variable=Temp;isSecret=false;isOutput=true]/home/runner/work/aspire/aspire/artifacts/tmp/Debug
2026-02-04T16:20:51.1411374Z ##vso[task.setvariable variable=TMP;isSecret=false;isOutput=true]/home/runner/work/aspire/aspire/artifacts/tmp/Debug
2026-02-04T16:20:51.1509981Z ##vso[task.prependpath]/home/runner/work/aspire/aspire/.dotnet
2026-02-04T16:20:51.1545657Z ##vso[task.setvariable variable=DOTNET_NOLOGO;isSecret=false;isOutput=true]1
2026-02-04T16:20:53.5984653Z ##vso[task.setvariable variable=NUGET_PLUGIN_HANDSHAKE_TIMEOUT_IN_SECONDS;isSecret=false;isOutput=true]20
2026-02-04T16:20:53.6019410Z ##vso[task.setvariable variable=NUGET_PLUGIN_REQUEST_TIMEOUT_IN_SECONDS;isSecret=false;isOutput=true]20
2026-02-04T16:20:54.0044087Z   Determining projects to restore...
2026-02-04T16:20:56.4501848Z   Tool 'dotnet-coverage' (version '17.13.1') was restored. Available commands: dotnet-coverage
2026-02-04T16:20:56.4503002Z   Tool 'powershell' (version '7.5.0') was restored. Available commands: pwsh
2026-02-04T16:20:56.4503464Z   
2026-02-04T16:20:56.4503631Z   Restore was successful.
2026-02-04T16:20:57.7120207Z   Restored /home/runner/work/aspire/aspire/.packages/microsoft.dotnet.arcade.sdk/11.0.0-beta.25610.3/tools/Tools.proj (in 1.03 sec).
2026-02-04T16:20:57.7585291Z   Attempting to install runtime toolset 'dotnet/x64 v8.0.21' from public_location.
2026-02-04T16:20:58.4403435Z dotnet-install: Attempting to download using primary link https://builds.dotnet.microsoft.com/dotnet/Runtime/8.0.21/dotnet-runtime-8.0.21-linux-x64.tar.gz
2026-02-04T16:20:58.6573711Z dotnet-install: Remote file https://builds.dotnet.microsoft.com/dotnet/Runtime/8.0.21/dotnet-runtime-8.0.21-linux-x64.tar.gz size is 31283401 bytes.
2026-02-04T16:20:58.6583510Z dotnet-install: Extracting archive from https://builds.dotnet.microsoft.com/dotnet/Runtime/8.0.21/dotnet-runtime-8.0.21-linux-x64.tar.gz
2026-02-04T16:20:59.2716055Z dotnet-install: Downloaded file size is 31283401 bytes.
2026-02-04T16:20:59.3009041Z dotnet-install: The remote and local file sizes are equal.
2026-02-04T16:20:59.3009718Z dotnet-install: Installed version is 8.0.21
2026-02-04T16:20:59.3072568Z dotnet-install: Adding to current process PATH: `/home/runner/work/aspire/aspire/.dotnet`. Note: This change will be visible only when sourcing script.
2026-02-04T16:20:59.3073977Z dotnet-install: Note that the script does not resolve dependencies during installation.
2026-02-04T16:20:59.3075925Z dotnet-install: To check the list of dependencies, go to https://learn.microsoft.com/dotnet/core/install, select your operating system and check the "Dependencies" section.
2026-02-04T16:20:59.3076781Z dotnet-install: Installation finished successfully.
2026-02-04T16:20:59.3323717Z   Attempting to install runtime toolset 'dotnet/x64 v9.0.10' from public_location.
2026-02-04T16:21:00.0814876Z dotnet-install: Attempting to download using primary link https://builds.dotnet.microsoft.com/dotnet/Runtime/9.0.10/dotnet-runtime-9.0.10-linux-x64.tar.gz
2026-02-04T16:21:00.3474804Z dotnet-install: Remote file https://builds.dotnet.microsoft.com/dotnet/Runtime/9.0.10/dotnet-runtime-9.0.10-linux-x64.tar.gz size is 33509347 bytes.
2026-02-04T16:21:00.3477482Z dotnet-install: Extracting archive from https://builds.dotnet.microsoft.com/dotnet/Runtime/9.0.10/dotnet-runtime-9.0.10-linux-x64.tar.gz
2026-02-04T16:21:00.9883864Z dotnet-install: Downloaded file size is 33509347 bytes.
2026-02-04T16:21:01.0191239Z dotnet-install: The remote and local file sizes are equal.
2026-02-04T16:21:01.0191916Z dotnet-install: Installed version is 9.0.10
2026-02-04T16:21:01.0257210Z dotnet-install: Adding to current process PATH: `/home/runner/work/aspire/aspire/.dotnet`. Note: This change will be visible only when sourcing script.
2026-02-04T16:21:01.0258609Z dotnet-install: Note that the script does not resolve dependencies during installation.
2026-02-04T16:21:01.0263752Z dotnet-install: To check the list of dependencies, go to https://learn.microsoft.com/dotnet/core/install, select your operating system and check the "Dependencies" section.
2026-02-04T16:21:01.0264974Z dotnet-install: Installation finished successfully.
2026-02-04T16:21:01.0484324Z Downloading 'https://builds.dotnet.microsoft.com/dotnet/scripts/v1/dotnet-install.sh'
2026-02-04T16:21:01.0953365Z   Attempting to install runtime toolset 'dotnet/arm64 v8.0.21' from public_location.
2026-02-04T16:21:01.8937463Z dotnet-install: Attempting to download using primary link https://builds.dotnet.microsoft.com/dotnet/Runtime/8.0.21/dotnet-runtime-8.0.21-linux-arm64.tar.gz
2026-02-04T16:21:02.3922022Z dotnet-install: Remote file https://builds.dotnet.microsoft.com/dotnet/Runtime/8.0.21/dotnet-runtime-8.0.21-linux-arm64.tar.gz size is 29878190 bytes.
2026-02-04T16:21:02.3927277Z dotnet-install: Extracting archive from https://builds.dotnet.microsoft.com/dotnet/Runtime/8.0.21/dotnet-runtime-8.0.21-linux-arm64.tar.gz
2026-02-04T16:21:03.0229650Z dotnet-install: Downloaded file size is 29878190 bytes.
2026-02-04T16:21:03.0230377Z dotnet-install: The remote and local file sizes are equal.
2026-02-04T16:21:03.0531288Z dotnet-install: Installed version is 8.0.21
2026-02-04T16:21:03.0592848Z dotnet-install: Adding to current process PATH: `/home/runner/work/aspire/aspire/.dotnet/arm64`. Note: This change will be visible only when sourcing script.
2026-02-04T16:21:03.0594237Z dotnet-install: Note that the script does not resolve dependencies during installation.
2026-02-04T16:21:03.0599549Z dotnet-install: To check the list of dependencies, go to https://learn.microsoft.com/dotnet/core/install, select your operating system and check the "Dependencies" section.
2026-02-04T16:21:03.0600941Z dotnet-install: Installation finished successfully.
2026-02-04T16:21:03.0847429Z   Attempting to install runtime toolset 'dotnet/arm64 v9.0.10' from public_location.
2026-02-04T16:21:03.8565275Z dotnet-install: Attempting to download using primary link https://builds.dotnet.microsoft.com/dotnet/Runtime/9.0.10/dotnet-runtime-9.0.10-linux-arm64.tar.gz
2026-02-04T16:21:04.0891107Z dotnet-install: Remote file https://builds.dotnet.microsoft.com/dotnet/Runtime/9.0.10/dotnet-runtime-9.0.10-linux-arm64.tar.gz size is 31816396 bytes.
2026-02-04T16:21:04.0897275Z dotnet-install: Extracting archive from https://builds.dotnet.microsoft.com/dotnet/Runtime/9.0.10/dotnet-runtime-9.0.10-linux-arm64.tar.gz
2026-02-04T16:21:04.7445226Z dotnet-install: Downloaded file size is 31816396 bytes.
2026-02-04T16:21:04.7446257Z dotnet-install: The remote and local file sizes are equal.
2026-02-04T16:21:04.7784873Z dotnet-install: Installed version is 9.0.10
2026-02-04T16:21:04.7846578Z dotnet-install: Adding to current process PATH: `/home/runner/work/aspire/aspire/.dotnet/arm64`. Note: This change will be visible only when sourcing script.
2026-02-04T16:21:04.7848629Z dotnet-install: Note that the script does not resolve dependencies during installation.
2026-02-04T16:21:04.7850474Z dotnet-install: To check the list of dependencies, go to https://learn.microsoft.com/dotnet/core/install, select your operating system and check the "Dependencies" section.
2026-02-04T16:21:04.7852461Z dotnet-install: Installation finished successfully.
2026-02-04T16:21:04.8090234Z   Attempting to install runtime toolset 'aspnetcore/x64 v8.0.21' from public_location.
2026-02-04T16:21:05.6643497Z dotnet-install: Attempting to download using primary link https://builds.dotnet.microsoft.com/dotnet/aspnetcore/Runtime/8.0.21/aspnetcore-runtime-8.0.21-linux-x64.tar.gz
2026-02-04T16:21:05.9146742Z dotnet-install: Remote file https://builds.dotnet.microsoft.com/dotnet/aspnetcore/Runtime/8.0.21/aspnetcore-runtime-8.0.21-linux-x64.tar.gz size is 42013551 bytes.
2026-02-04T16:21:05.9150150Z dotnet-install: Extracting archive from https://builds.dotnet.microsoft.com/dotnet/aspnetcore/Runtime/8.0.21/aspnetcore-runtime-8.0.21-linux-x64.tar.gz
2026-02-04T16:21:06.6511744Z dotnet-install: Downloaded file size is 42013551 bytes.
2026-02-04T16:21:06.6512692Z dotnet-install: The remote and local file sizes are equal.
2026-02-04T16:21:06.6879939Z dotnet-install: Installed version is 8.0.21
2026-02-04T16:21:06.6942799Z dotnet-install: Adding to current process PATH: `/home/runner/work/aspire/aspire/.dotnet`. Note: This change will be visible only when sourcing script.
2026-02-04T16:21:06.6944311Z dotnet-install: Note that the script does not resolve dependencies during installation.
2026-02-04T16:21:06.6946076Z dotnet-install: To check the list of dependencies, go to https://learn.microsoft.com/dotnet/core/install, select your operating system and check the "Dependencies" section.
2026-02-04T16:21:06.6950258Z dotnet-install: Installation finished successfully.
2026-02-04T16:21:06.7184708Z   Attempting to install runtime toolset 'aspnetcore/x64 v9.0.10' from public_location.
2026-02-04T16:21:07.5023691Z dotnet-install: Attempting to download using primary link https://builds.dotnet.microsoft.com/dotnet/aspnetcore/Runtime/9.0.10/aspnetcore-runtime-9.0.10-linux-x64.tar.gz
2026-02-04T16:21:07.7371666Z dotnet-install: Remote file https://builds.dotnet.microsoft.com/dotnet/aspnetcore/Runtime/9.0.10/aspnetcore-runtime-9.0.10-linux-x64.tar.gz size is 44453978 bytes.
2026-02-04T16:21:07.7378350Z dotnet-install: Extracting archive from https://builds.dotnet.microsoft.com/dotnet/aspnetcore/Runtime/9.0.10/aspnetcore-runtime-9.0.10-linux-x64.tar.gz
2026-02-04T16:21:08.5125607Z dotnet-install: Downloaded file size is 44453978 bytes.
2026-02-04T16:21:08.5126324Z dotnet-install: The remote and local file sizes are equal.
2026-02-04T16:21:08.5522775Z dotnet-install: Installed version is 9.0.10
2026-02-04T16:21:08.5582839Z dotnet-install: Adding to current process PATH: `/home/runner/work/aspire/aspire/.dotnet`. Note: This change will be visible only when sourcing script.
2026-02-04T16:21:08.5584192Z dotnet-install: Note that the script does not resolve dependencies during installation.
2026-02-04T16:21:08.5587912Z dotnet-install: To check the list of dependencies, go to https://learn.microsoft.com/dotnet/core/install, select your operating system and check the "Dependencies" section.
2026-02-04T16:21:08.5590174Z dotnet-install: Installation finished successfully.
2026-02-04T16:21:08.5826102Z   Attempting to install runtime toolset 'aspnetcore/arm64 v8.0.21' from public_location.
2026-02-04T16:21:09.4481509Z dotnet-install: Attempting to download using primary link https://builds.dotnet.microsoft.com/dotnet/aspnetcore/Runtime/8.0.21/aspnetcore-runtime-8.0.21-linux-arm64.tar.gz
2026-02-04T16:21:09.6795214Z dotnet-install: Remote file https://builds.dotnet.microsoft.com/dotnet/aspnetcore/Runtime/8.0.21/aspnetcore-runtime-8.0.21-linux-arm64.tar.gz size is 40326466 bytes.
2026-02-04T16:21:09.6797319Z dotnet-install: Extracting archive from https://builds.dotnet.microsoft.com/dotnet/aspnetcore/Runtime/8.0.21/aspnetcore-runtime-8.0.21-linux-arm64.tar.gz
2026-02-04T16:21:10.4536522Z dotnet-install: Downloaded file size is 40326466 bytes.
2026-02-04T16:21:10.4537245Z dotnet-install: The remote and local file sizes are equal.
2026-02-04T16:21:10.4933293Z dotnet-install: Installed version is 8.0.21
2026-02-04T16:21:10.4994578Z dotnet-install: Adding to current process PATH: `/home/runner/work/aspire/aspire/.dotnet/arm64`. Note: This change will be visible only when sourcing script.
2026-02-04T16:21:10.4995985Z dotnet-install: Note that the script does not resolve dependencies during installation.
2026-02-04T16:21:10.4997269Z dotnet-install: To check the list of dependencies, go to https://learn.microsoft.com/dotnet/core/install, select your operating system and check the "Dependencies" section.
2026-02-04T16:21:10.4998103Z dotnet-install: Installation finished successfully.
2026-02-04T16:21:10.5235469Z   Attempting to install runtime toolset 'aspnetcore/arm64 v9.0.10' from public_location.
2026-02-04T16:21:11.2173539Z dotnet-install: Attempting to download using primary link https://builds.dotnet.microsoft.com/dotnet/aspnetcore/Runtime/9.0.10/aspnetcore-runtime-9.0.10-linux-arm64.tar.gz
2026-02-04T16:21:11.4744758Z dotnet-install: Remote file https://builds.dotnet.microsoft.com/dotnet/aspnetcore/Runtime/9.0.10/aspnetcore-runtime-9.0.10-linux-arm64.tar.gz size is 42422420 bytes.
2026-02-04T16:21:11.4747840Z dotnet-install: Extracting archive from https://builds.dotnet.microsoft.com/dotnet/aspnetcore/Runtime/9.0.10/aspnetcore-runtime-9.0.10-linux-arm64.tar.gz
2026-02-04T16:21:12.2738491Z dotnet-install: Downloaded file size is 42422420 bytes.
2026-02-04T16:21:12.2739089Z dotnet-install: The remote and local file sizes are equal.
2026-02-04T16:21:12.3157048Z dotnet-install: Installed version is 9.0.10
2026-02-04T16:21:12.3219340Z dotnet-install: Adding to current process PATH: `/home/runner/work/aspire/aspire/.dotnet/arm64`. Note: This change will be visible only when sourcing script.
2026-02-04T16:21:12.3220735Z dotnet-install: Note that the script does not resolve dependencies during installation.
2026-02-04T16:21:12.3222675Z dotnet-install: To check the list of dependencies, go to https://learn.microsoft.com/dotnet/core/install, select your operating system and check the "Dependencies" section.
2026-02-04T16:21:12.3223938Z dotnet-install: Installation finished successfully.
2026-02-04T16:21:12.6762960Z   Determining projects to restore...
2026-02-04T16:21:15.4470575Z   Restored /home/runner/work/aspire/aspire/tests/Aspire.Cli.EndToEnd.Tests/Aspire.Cli.EndToEnd.Tests.csproj (in 2.52 sec).
2026-02-04T16:21:16.1421845Z   Restored /home/runner/work/aspire/aspire/tests/Aspire.TestUtilities/Aspire.TestUtilities.csproj (in 3.22 sec).
2026-02-04T16:21:20.3736142Z   Aspire.TestUtilities -> /home/runner/work/aspire/aspire/artifacts/bin/Aspire.TestUtilities/Debug/net8.0/Aspire.TestUtilities.dll
2026-02-04T16:21:22.0568786Z   Aspire.Cli.EndToEnd.Tests -> /home/runner/work/aspire/aspire/artifacts/bin/Aspire.Cli.EndToEnd.Tests/Debug/net10.0/Aspire.Cli.EndToEnd.Tests.dll
2026-02-04T16:21:22.0712150Z 
2026-02-04T16:21:22.0718722Z Build succeeded.
2026-02-04T16:21:22.0719145Z     0 Warning(s)
2026-02-04T16:21:22.0719440Z     0 Error(s)
2026-02-04T16:21:22.0720208Z 
2026-02-04T16:21:22.0722504Z Time Elapsed 00:00:28.27
2026-02-04T16:21:22.1192493Z ##[group]Run # Start heartbeat monitor in background
2026-02-04T16:21:22.1192945Z [36;1m# Start heartbeat monitor in background[0m
2026-02-04T16:21:22.1193379Z [36;1m./dotnet.sh /home/runner/work/aspire/aspire/tools/scripts/Heartbeat.cs &[0m
2026-02-04T16:21:22.1193765Z [36;1mHEARTBEAT_PID=$![0m
2026-02-04T16:21:22.1193966Z [36;1m[0m
2026-02-04T16:21:22.1194125Z [36;1m# Run tests[0m
2026-02-04T16:21:22.1194621Z [36;1m./dotnet.sh test /home/runner/work/aspire/aspire/tests/Aspire.Cli.EndToEnd.Tests/Aspire.Cli.EndToEnd.Tests.csproj \[0m
2026-02-04T16:21:22.1195218Z [36;1m  /p:ContinuousIntegrationBuild=true \[0m
2026-02-04T16:21:22.1195535Z [36;1m  /p:TrxFileNamePrefix="LogsCommandTests" \[0m
2026-02-04T16:21:22.1195924Z [36;1m  -bl:/home/runner/work/aspire/aspire/testresults/test.binlog \[0m
2026-02-04T16:21:22.1196279Z [36;1m  -tl:false \[0m
2026-02-04T16:21:22.1196480Z [36;1m  --no-restore \[0m
2026-02-04T16:21:22.1196873Z [36;1m  --no-build \[0m
2026-02-04T16:21:22.1197099Z [36;1m  -- \[0m
2026-02-04T16:21:22.1197282Z [36;1m  --ignore-exit-code 8 \[0m
2026-02-04T16:21:22.1197516Z [36;1m  --report-trx \[0m
2026-02-04T16:21:22.1197714Z [36;1m  --crashdump \[0m
2026-02-04T16:21:22.1198033Z [36;1m  --results-directory /home/runner/work/aspire/aspire/testresults \[0m
2026-02-04T16:21:22.1198392Z [36;1m  --timeout 20m \[0m
2026-02-04T16:21:22.1198946Z [36;1m  --filter-not-trait quarantined=true --filter-not-trait outerloop=true --filter-class Aspire.Cli.EndToEnd.Tests.LogsCommandTests \[0m
2026-02-04T16:21:22.1199530Z [36;1m  [0m
2026-02-04T16:21:22.1199697Z [36;1mTEST_EXIT_CODE=$?[0m
2026-02-04T16:21:22.1199894Z [36;1m[0m
2026-02-04T16:21:22.1200059Z [36;1m# Stop heartbeat monitor[0m
2026-02-04T16:21:22.1200317Z [36;1mkill $HEARTBEAT_PID 2>/dev/null || true[0m
2026-02-04T16:21:22.1200607Z [36;1mwait $HEARTBEAT_PID 2>/dev/null || true[0m
2026-02-04T16:21:22.1200848Z [36;1m[0m
2026-02-04T16:21:22.1201015Z [36;1mexit $TEST_EXIT_CODE[0m
2026-02-04T16:21:22.1232398Z shell: /usr/bin/bash -e {0}
2026-02-04T16:21:22.1232635Z env:
2026-02-04T16:21:22.1232858Z   DOTNET_ROOT: /home/runner/work/aspire/aspire/.dotnet
2026-02-04T16:21:22.1233156Z   DOTNET_SCRIPT: ./dotnet.sh
2026-02-04T16:21:22.1233372Z   BUILD_SCRIPT: ./build.sh
2026-02-04T16:21:22.1233620Z   TEST_RUN_PATH: /home/runner/work/aspire/aspire/run-tests
2026-02-04T16:21:22.1234198Z   TEST_PROJECT_PATH: /home/runner/work/aspire/aspire/tests/Aspire.Cli.EndToEnd.Tests/Aspire.Cli.EndToEnd.Tests.csproj
2026-02-04T16:21:22.1234790Z   TEST_ASSEMBLY_NAME: Aspire.Cli.EndToEnd.Tests
2026-02-04T16:21:22.1235185Z   ASPIRE__TEST__DCPLOGBASEPATH: /home/runner/work/aspire/aspire/testresults/dcp
2026-02-04T16:21:22.1235629Z   NUGET_PACKAGES: /home/runner/work/aspire/aspire/.packages
2026-02-04T16:21:22.1235932Z   PLAYWRIGHT_INSTALLED: false
2026-02-04T16:21:22.1236246Z   TESTCONTAINERS_HUB_IMAGE_NAME_PREFIX: netaspireci.azurecr.io
2026-02-04T16:21:22.1236574Z   GITHUB_PR_NUMBER: 14105
2026-02-04T16:21:22.1236849Z   GITHUB_PR_HEAD_SHA: db1d41b5d23d1dd18a12bb6d75d3ba5337d78f30
2026-02-04T16:21:22.1237614Z   GH_TOKEN: ***
2026-02-04T16:21:22.1237796Z ##[endgroup]
2026-02-04T16:21:23.2278182Z   Run tests: '/home/runner/work/aspire/aspire/artifacts/bin/Aspire.Cli.EndToEnd.Tests/Debug/net10.0/Aspire.Cli.EndToEnd.Tests.dll' [net10.0|x64]
2026-02-04T16:21:26.7158874Z [2026-02-04T16:21:26.7149129Z] HEARTBEAT | Starting system monitor (interval: 5s)
2026-02-04T16:21:26.7185560Z [2026-02-04T16:21:26.7157583Z] HEARTBEAT | Platform: Ubuntu 24.04.3 LTS
2026-02-04T16:21:26.7672651Z   [[32m+0[m/[31mx0[m/[33m?0[m] Aspire.Cli.EndToEnd.Tests.dll (net10.0|x64) - Aspire.Cli.EndToEnd.Tests.LogsCommandTests.LogsCommandShowsResourceLogs (3s)
2026-02-04T16:21:26.7673552Z   
2026-02-04T16:21:26.8363229Z [2026-02-04T16:21:26.7184973Z] HEARTBEAT | CPU: calculating... | Mem: 1.3/15.6 GB (8%) | Disk: /:55G/145G(38%) | Net: 110 est, 52 listen, 200 tw | Docker: 0 containers | DCP: none | Top: VBCSCompiler (PID: 4489, CPU: 95.8%, Mem: 268.3 MB), dotnet (PID: 4559, CPU: 87.7%, Mem: 206.1 MB), dotnet (PID: 4560, CPU: 57.8%, Mem: 175.2 MB), Heartbeat (PID: 4705, CPU: 50.0%, Mem: 39.6 MB), Aspire.Cli.EndToEnd.Tests (PID: 4651, CPU: 28.7%, Mem: 83.1 MB), Aspire.Cli.EndToEnd.Tests (PID: 4635, CPU: 7.5%, Mem: 56.9 MB), Runner.Worker (PID: 2014, CPU: 7.0%, Mem: 131.6 MB), gh (PID: 4697, CPU: 5.2%, Mem: 41.6 MB), init (PID: 1, CPU: 3.6%, Mem: 13.3 MB), Runner.Listener (PID: 1999, CPU: 2.1%, Mem: 98.2 MB)
2026-02-04T16:21:29.7673423Z   [[32m+0[m/[31mx0[m/[33m?0[m] Aspire.Cli.EndToEnd.Tests.dll (net10.0|x64) - Aspire.Cli.EndToEnd.Tests.LogsCommandTests.LogsCommandShowsResourceLogs (6s)
2026-02-04T16:21:29.7674713Z   
2026-02-04T16:21:31.8931116Z [2026-02-04T16:21:31.8377156Z] HEARTBEAT | CPU: 15.2% | Mem: 1.3/15.6 GB (8%) | Disk: /:55G/145G(38%) | Net: 117 est, 52 listen, 201 tw | Docker: 0 containers | DCP: none | Top: VBCSCompiler (PID: 4489, CPU: 64.3%, Mem: 268.3 MB), dotnet (PID: 4559, CPU: 61.1%, Mem: 218.3 MB), dotnet (PID: 4560, CPU: 32.0%, Mem: 181.3 MB), Aspire.Cli.EndToEnd.Tests (PID: 4651, CPU: 13.9%, Mem: 83.6 MB), Runner.Worker (PID: 2014, CPU: 6.5%, Mem: 131.6 MB), gh (PID: 4760, CPU: 4.6%, Mem: 41.7 MB), init (PID: 1, CPU: 3.4%, Mem: 13.3 MB), Aspire.Cli.EndToEnd.Tests (PID: 4635, CPU: 3.1%, Mem: 57.1 MB), Runner.Listener (PID: 1999, CPU: 1.9%, Mem: 98.2 MB), Heartbeat (PID: 4705, CPU: 1.7%, Mem: 41.5 MB)
2026-02-04T16:21:32.7677923Z   [[32m+0[m/[31mx0[m/[33m?0[m] Aspire.Cli.EndToEnd.Tests.dll (net10.0|x64) - Aspire.Cli.EndToEnd.Tests.LogsCommandTests.LogsCommandShowsResourceLogs (9s)
2026-02-04T16:21:32.7679485Z   
2026-02-04T16:21:35.7685637Z   [[32m+0[m/[31mx0[m/[33m?0[m] Aspire.Cli.EndToEnd.Tests.dll (net10.0|x64) - Aspire.Cli.EndToEnd.Tests.LogsCommandTests.LogsCommandShowsResourceLogs (12s)
2026-02-04T16:21:35.7686661Z   
2026-02-04T16:21:36.9432500Z [2026-02-04T16:21:36.8929821Z] HEARTBEAT | CPU: 3.9% | Mem: 1.4/15.6 GB (9%) | Disk: /:55G/145G(38%) | Net: 117 est, 52 listen, 202 tw | Docker: 0 containers | DCP: none | Top: VBCSCompiler (PID: 4489, CPU: 48.4%, Mem: 268.3 MB), dotnet (PID: 4559, CPU: 40.2%, Mem: 218.3 MB), dotnet (PID: 4560, CPU: 21.2%, Mem: 181.7 MB), Aspire.Cli.EndToEnd.Tests (PID: 4651, CPU: 9.3%, Mem: 83.4 MB), Runner.Worker (PID: 2014, CPU: 6.0%, Mem: 131.9 MB), gh (PID: 4782, CPU: 3.3%, Mem: 41.8 MB), init (PID: 1, CPU: 3.2%, Mem: 13.3 MB), Heartbeat (PID: 4705, CPU: 2.1%, Mem: 48.7 MB), Aspire.Cli.EndToEnd.Tests (PID: 4635, CPU: 1.9%, Mem: 57.1 MB), Runner.Listener (PID: 1999, CPU: 1.8%, Mem: 98.3 MB)
2026-02-04T16:21:38.7685278Z   [[32m+0[m/[31mx0[m/[33m?0[m] Aspire.Cli.EndToEnd.Tests.dll (net10.0|x64) - Aspire.Cli.EndToEnd.Tests.LogsCommandTests.LogsCommandShowsResourceLogs (15s)
2026-02-04T16:21:38.7686474Z   
2026-02-04T16:21:41.7684160Z   [[32m+0[m/[31mx0[m/[33m?0[m] Aspire.Cli.EndToEnd.Tests.dll (net10.0|x64) - Aspire.Cli.EndToEnd.Tests.LogsCommandTests.LogsCommandShowsResourceLogs (18s)
2026-02-04T16:21:41.7685274Z   
2026-02-04T16:21:41.9981362Z [2026-02-04T16:21:41.9433545Z] HEARTBEAT | CPU: 7.0% | Mem: 1.4/15.6 GB (9%) | Disk: /:55G/145G(38%) | Net: 115 est, 52 listen, 204 tw | Docker: 0 containers | DCP: none | Top: VBCSCompiler (PID: 4489, CPU: 38.8%, Mem: 268.0 MB), dotnet (PID: 4559, CPU: 29.9%, Mem: 218.3 MB), aspire (PID: 4925, CPU: 18.7%, Mem: 47.7 MB), dotnet (PID: 4560, CPU: 16.0%, Mem: 181.8 MB), Aspire.Cli.EndToEnd.Tests (PID: 4651, CPU: 7.7%, Mem: 85.5 MB), Runner.Worker (PID: 2014, CPU: 5.6%, Mem: 131.9 MB), init (PID: 1, CPU: 3.1%, Mem: 13.3 MB), Heartbeat (PID: 4705, CPU: 2.6%, Mem: 50.6 MB), Runner.Listener (PID: 1999, CPU: 1.7%, Mem: 98.3 MB), Aspire.Cli.EndToEnd.Tests (PID: 4635, CPU: 1.4%, Mem: 57.1 MB)
2026-02-04T16:21:44.7688154Z   [[32m+0[m/[31mx0[m/[33m?0[m] Aspire.Cli.EndToEnd.Tests.dll (net10.0|x64) - Aspire.Cli.EndToEnd.Tests.LogsCommandTests.LogsCommandShowsResourceLogs (21s)
2026-02-04T16:21:47.0527626Z   
2026-02-04T16:21:47.0530362Z [2026-02-04T16:21:46.9980171Z] HEARTBEAT | CPU: 42.7% | Mem: 1.4/15.6 GB (9%) | Disk: /:55G/145G(38%) | Net: 114 est, 54 listen, 215 tw | Docker: 0 containers | DCP: none | Top: dotnet (PID: 5301, CPU: 125.0%, Mem: 71.1 MB), VBCSCompiler (PID: 4489, CPU: 32.4%, Mem: 267.9 MB), dotnet (PID: 5293, CPU: 26.4%, Mem: 59.2 MB), dotnet (PID: 4559, CPU: 23.9%, Mem: 218.4 MB), dotnet (PID: 4560, CPU: 12.8%, Mem: 181.8 MB), Aspire.Cli.EndToEnd.Tests (PID: 4651, CPU: 7.4%, Mem: 86.8 MB), Runner.Worker (PID: 2014, CPU: 5.2%, Mem: 131.9 MB), aspire (PID: 5126, CPU: 5.0%, Mem: 59.3 MB), init (PID: 1, CPU: 2.9%, Mem: 13.3 MB), Heartbeat (PID: 4705, CPU: 2.2%, Mem: 51.9 MB)
2026-02-04T16:21:47.7688720Z   [[32m+0[m/[31mx0[m/[33m?0[m] Aspire.Cli.EndToEnd.Tests.dll (net10.0|x64) - Aspire.Cli.EndToEnd.Tests.LogsCommandTests.LogsCommandShowsResourceLogs (24s)
2026-02-04T16:21:47.7690578Z   
2026-02-04T16:21:50.7745151Z   [[32m+0[m/[31mx0[m/[33m?0[m] Aspire.Cli.EndToEnd.Tests.dll (net10.0|x64) - Aspire.Cli.EndToEnd.Tests.LogsCommandTests.LogsCommandShowsResourceLogs (27s)
2026-02-04T16:21:50.7748383Z   
2026-02-04T16:21:52.1200459Z [2026-02-04T16:21:52.0528314Z] HEARTBEAT | CPU: 63.4% | Mem: 1.6/15.6 GB (10%) | Disk: /:55G/145G(38%) | Net: 124 est, 59 listen, 217 tw | Docker: 0 containers | DCP: none | Top: dotnet (PID: 5353, CPU: 114.0%, Mem: 213.9 MB), dotnet (PID: 5381, CPU: 75.3%, Mem: 123.3 MB), dotnet (PID: 5382, CPU: 74.6%, Mem: 121.8 MB), dotnet (PID: 5380, CPU: 69.2%, Mem: 111.2 MB), VBCSCompiler (PID: 4489, CPU: 27.8%, Mem: 263.3 MB), dotnet (PID: 4559, CPU: 20.0%, Mem: 218.8 MB), dotnet (PID: 4560, CPU: 10.9%, Mem: 182.4 MB), Aspire.Cli.EndToEnd.Tests (PID: 4651, CPU: 6.8%, Mem: 87.4 MB), Runner.Worker (PID: 2014, CPU: 4.9%, Mem: 132.4 MB), aspire (PID: 5126, CPU: 3.4%, Mem: 65.6 MB)
2026-02-04T16:21:53.7696418Z   [[32m+0[m/[31mx0[m/[33m?0[m] Aspire.Cli.EndToEnd.Tests.dll (net10.0|x64) - Aspire.Cli.EndToEnd.Tests.LogsCommandTests.LogsCommandShowsResourceLogs (30s)
2026-02-04T16:21:53.7699751Z   
2026-02-04T16:21:56.7700490Z   [[32m+0[m/[31mx0[m/[33m?0[m] Aspire.Cli.EndToEnd.Tests.dll (net10.0|x64) - Aspire.Cli.EndToEnd.Tests.LogsCommandTests.LogsCommandShowsResourceLogs (33s)
2026-02-04T16:21:56.7702073Z   
2026-02-04T16:21:57.1883102Z [2026-02-04T16:21:57.1198902Z] HEARTBEAT | CPU: 39.8% | Mem: 1.7/15.6 GB (11%) | Disk: /:55G/145G(38%) | Net: 112 est, 59 listen, 233 tw | Docker: 0 containers | DCP: none | Top: dotnet (PID: 5628, CPU: 111.0%, Mem: 134.8 MB), dotnet (PID: 5380, CPU: 28.0%, Mem: 129.4 MB), dotnet (PID: 5381, CPU: 26.0%, Mem: 123.8 MB), dotnet (PID: 5382, CPU: 25.8%, Mem: 122.7 MB), VBCSCompiler (PID: 4489, CPU: 24.4%, Mem: 256.9 MB), dotnet (PID: 4559, CPU: 17.1%, Mem: 218.8 MB), dotnet (PID: 4560, CPU: 9.4%, Mem: 182.4 MB), Aspire.Cli.EndToEnd.Tests (PID: 4651, CPU: 6.7%, Mem: 175.6 MB), Runner.Worker (PID: 2014, CPU: 4.6%, Mem: 132.4 MB), aspire (PID: 5569, CPU: 3.9%, Mem: 56.7 MB)
2026-02-04T16:21:59.7779595Z   [[32m+0[m/[31mx0[m/[33m?0[m] Aspire.Cli.EndToEnd.Tests.dll (net10.0|x64) - Aspire.Cli.EndToEnd.Tests.LogsCommandTests.LogsCommandShowsResourceLogs (36s)
2026-02-04T16:21:59.7785172Z   
2026-02-04T16:22:02.2657720Z [2026-02-04T16:22:02.1881434Z] HEARTBEAT | CPU: 77.5% | Mem: 1.8/15.6 GB (11%) | Disk: /:56G/145G(39%) | Net: 158 est, 59 listen, 223 tw | Docker: 0 containers | DCP: none | Top: dotnet (PID: 5628, CPU: 206.0%, Mem: 252.7 MB), dotnet (PID: 5380, CPU: 42.2%, Mem: 163.7 MB), VBCSCompiler (PID: 4489, CPU: 22.6%, Mem: 278.5 MB), dotnet (PID: 5381, CPU: 15.6%, Mem: 123.8 MB), dotnet (PID: 5382, CPU: 15.5%, Mem: 122.7 MB), dotnet (PID: 4559, CPU: 15.0%, Mem: 218.8 MB), dotnet (PID: 4560, CPU: 8.3%, Mem: 182.5 MB), Aspire.Cli.EndToEnd.Tests (PID: 4651, CPU: 5.9%, Mem: 184.7 MB), Runner.Worker (PID: 2014, CPU: 4.4%, Mem: 132.4 MB), init (PID: 1, CPU: 2.5%, Mem: 13.3 MB)
2026-02-04T16:22:02.7724949Z   [[32m+0[m/[31mx0[m/[33m?0[m] Aspire.Cli.EndToEnd.Tests.dll (net10.0|x64) - Aspire.Cli.EndToEnd.Tests.LogsCommandTests.LogsCommandShowsResourceLogs (39s)
2026-02-04T16:22:02.7727010Z   
2026-02-04T16:22:05.7738432Z   [[32m+0[m/[31mx0[m/[33m?0[m] Aspire.Cli.EndToEnd.Tests.dll (net10.0|x64) - Aspire.Cli.EndToEnd.Tests.LogsCommandTests.LogsCommandShowsResourceLogs (42s)
2026-02-04T16:22:05.7755466Z   
2026-02-04T16:22:07.3263456Z [2026-02-04T16:22:07.2665232Z] HEARTBEAT | CPU: 66.1% | Mem: 1.8/15.6 GB (12%) | Disk: /:56G/145G(39%) | Net: 114 est, 65 listen, 221 tw | Docker: 0 containers | DCP: 1 procs (16.1%/67MB) [dcp(5816):16.1%/67MB] | Top: dotnet (PID: 5843, CPU: 120.0%, Mem: 76.3 MB), AspireLogsTestApp.AppHost (PID: 5785, CPU: 105.0%, Mem: 105.7 MB), dotnet (PID: 5380, CPU: 51.6%, Mem: 187.6 MB), dotnet (PID: 5770, CPU: 42.1%, Mem: 109.1 MB), dotnet (PID: 5805, CPU: 37.5%, Mem: 58.9 MB), VBCSCompiler (PID: 4489, CPU: 27.5%, Mem: 315.1 MB), dcp (PID: 5816, CPU: 15.6%, Mem: 66.7 MB), dotnet (PID: 4559, CPU: 13.3%, Mem: 218.8 MB), podman (PID: 5826, CPU: 11.5%, Mem: 38.4 MB), dotnet (PID: 5381, CPU: 11.2%, Mem: 123.8 MB)
2026-02-04T16:22:08.7731004Z   [[32m+0[m/[31mx0[m/[33m?0[m] Aspire.Cli.EndToEnd.Tests.dll (net10.0|x64) - Aspire.Cli.EndToEnd.Tests.LogsCommandTests.LogsCommandShowsResourceLogs (45s)
2026-02-04T16:22:08.7732969Z   
2026-02-04T16:22:11.7736680Z   [[32m+0[m/[31mx0[m/[33m?0[m] Aspire.Cli.EndToEnd.Tests.dll (net10.0|x64) - Aspire.Cli.EndToEnd.Tests.LogsCommandTests.LogsCommandShowsResourceLogs (48s)
2026-02-04T16:22:11.7737700Z   
2026-02-04T16:22:12.4226893Z [2026-02-04T16:22:12.3268506Z] HEARTBEAT | CPU: 36.2% | Mem: 2.0/15.6 GB (13%) | Disk: /:56G/145G(39%) | Net: 125 est, 90 listen, 216 tw | Docker: 0 containers | DCP: 5 procs (51.7%/369MB) [dcp(5899):36.9%/92MB, dcp(5913):7.3%/82MB, dcp(5972):2.3%/65MB, dcp(6039):2.6%/64MB, dcp(6040):2.6%/67MB] | Top: AspireLogsTestApp.AppHost (PID: 5785, CPU: 57.6%, Mem: 163.8 MB), unpigz (PID: 6162, CPU: 54.5%, Mem: 2.1 MB), AspireLogsTestApp.ApiService (PID: 6134, CPU: 53.9%, Mem: 97.2 MB), dotnet (PID: 5380, CPU: 40.1%, Mem: 187.6 MB), dcp (PID: 5899, CPU: 36.6%, Mem: 91.6 MB), dotnet (PID: 6038, CPU: 29.6%, Mem: 107.9 MB), VBCSCompiler (PID: 4489, CPU: 25.0%, Mem: 315.1 MB), dotnet (PID: 4559, CPU: 12.0%, Mem: 218.8 MB), dotnet (PID: 5381, CPU: 8.7%, Mem: 123.8 MB), dotnet (PID: 5770, CPU: 8.7%, Mem: 109.1 MB)
2026-02-04T16:22:14.7734044Z   [[32m+0[m/[31mx0[m/[33m?0[m] Aspire.Cli.EndToEnd.Tests.dll (net10.0|x64) - Aspire.Cli.EndToEnd.Tests.LogsCommandTests.LogsCommandShowsResourceLogs (51s)
2026-02-04T16:22:14.7734959Z   
2026-02-04T16:22:17.7737008Z   [[32m+0[m/[31mx0[m/[33m?0[m] Aspire.Cli.EndToEnd.Tests.dll (net10.0|x64) - Aspire.Cli.EndToEnd.Tests.LogsCommandTests.LogsCommandShowsResourceLogs (54s)
2026-02-04T16:22:17.7737731Z   
2026-02-04T16:22:19.0000154Z [2026-02-04T16:22:17.4212657Z] HEARTBEAT | CPU: 30.7% | Mem: 2.1/15.6 GB (14%) | Disk: /:56G/145G(39%) | Net: 152 est, 98 listen, 216 tw | Docker: 1 containers (CPU: 0.2%, Mem: 0.1%) | DCP: 6 procs (19.7%/435MB) [dcp(5899):14.0%/92MB, dcp(5913):3.0%/82MB, dcp(5972):0.6%/65MB, dcp(6039):0.5%/65MB, dcp(6040):0.5%/67MB, dcp(6467):1.1%/64MB] | Top: AspireLogsTestApp.Web (PID: 6548, CPU: 43.0%, Mem: 123.4 MB), AspireLogsTestApp.AppHost (PID: 5785, CPU: 31.8%, Mem: 169.9 MB), dotnet (PID: 5380, CPU: 31.2%, Mem: 187.6 MB), VBCSCompiler (PID: 4489, CPU: 22.4%, Mem: 315.1 MB), dotnet (PID: 6466, CPU: 16.2%, Mem: 109.4 MB), dcp (PID: 5899, CPU: 14.0%, Mem: 91.7 MB), AspireLogsTestApp.ApiService (PID: 6134, CPU: 11.5%, Mem: 99.3 MB), dotnet (PID: 4559, CPU: 10.6%, Mem: 218.8 MB), dotnet (PID: 5381, CPU: 6.7%, Mem: 123.8 MB), dotnet (PID: 5382, CPU: 6.7%, Mem: 122.7 MB)
2026-02-04T16:22:20.7739797Z   [[32m+0[m/[31mx0[m/[33m?0[m] Aspire.Cli.EndToEnd.Tests.dll (net10.0|x64) - Aspire.Cli.EndToEnd.Tests.LogsCommandTests.LogsCommandShowsResourceLogs (57s)
2026-02-04T16:22:20.7741173Z   
2026-02-04T16:22:23.7744333Z   [[32m+0[m/[31mx0[m/[33m?0[m] Aspire.Cli.EndToEnd.Tests.dll (net10.0|x64) - Aspire.Cli.EndToEnd.Tests.LogsCommandTests.LogsCommandShowsResourceLogs (1m 00s)
2026-02-04T16:22:23.7745403Z   
2026-02-04T16:22:25.5740612Z [2026-02-04T16:22:23.9998580Z] HEARTBEAT | CPU: 2.5% | Mem: 2.2/15.6 GB (14%) | Disk: /:56G/145G(39%) | Net: 152 est, 98 listen, 56 tw | Docker: 1 containers (CPU: 0.2%, Mem: 0.1%) | DCP: 6 procs (11.6%/435MB) [dcp(5899):8.6%/92MB, dcp(5913):1.8%/82MB, dcp(5972):0.3%/65MB, dcp(6039):0.3%/65MB, dcp(6040):0.3%/67MB, dcp(6467):0.3%/65MB] | Top: dotnet (PID: 5380, CPU: 25.5%, Mem: 187.6 MB), AspireLogsTestApp.AppHost (PID: 5785, CPU: 21.0%, Mem: 170.1 MB), VBCSCompiler (PID: 4489, CPU: 20.2%, Mem: 315.0 MB), AspireLogsTestApp.Web (PID: 6548, CPU: 13.7%, Mem: 123.8 MB), dotnet (PID: 4559, CPU: 9.5%, Mem: 218.8 MB), dcp (PID: 5899, CPU: 8.5%, Mem: 91.7 MB), AspireLogsTestApp.ApiService (PID: 6134, CPU: 6.7%, Mem: 100.2 MB), dotnet (PID: 6466, CPU: 5.7%, Mem: 109.4 MB), dotnet (PID: 4560, CPU: 5.5%, Mem: 183.4 MB), dotnet (PID: 5381, CPU: 5.5%, Mem: 123.8 MB)
2026-02-04T16:22:26.7748491Z   [[32m+0[m/[31mx0[m/[33m?0[m] Aspire.Cli.EndToEnd.Tests.dll (net10.0|x64) - Aspire.Cli.EndToEnd.Tests.LogsCommandTests.LogsCommandShowsResourceLogs (1m 03s)
2026-02-04T16:22:26.7750369Z   
2026-02-04T16:22:29.7750057Z   [[32m+0[m/[31mx0[m/[33m?0[m] Aspire.Cli.EndToEnd.Tests.dll (net10.0|x64) - Aspire.Cli.EndToEnd.Tests.LogsCommandTests.LogsCommandShowsResourceLogs (1m 06s)
2026-02-04T16:22:29.7751058Z   
2026-02-04T16:22:32.1485174Z [2026-02-04T16:22:30.5740012Z] HEARTBEAT | CPU: 8.7% | Mem: 2.1/15.6 GB (14%) | Disk: /:56G/145G(39%) | Net: 83 est, 98 listen, 59 tw | Docker: 1 containers (CPU: 0.3%, Mem: 0.1%) | DCP: 6 procs (8.4%/435MB) [dcp(5899):6.2%/92MB, dcp(5913):1.3%/82MB, dcp(5972):0.2%/65MB, dcp(6039):0.2%/65MB, dcp(6040):0.2%/67MB, dcp(6467):0.3%/65MB] | Top: dotnet (PID: 5380, CPU: 21.6%, Mem: 187.6 MB), VBCSCompiler (PID: 4489, CPU: 18.5%, Mem: 316.8 MB), AspireLogsTestApp.AppHost (PID: 5785, CPU: 16.4%, Mem: 170.8 MB), AspireLogsTestApp.Web (PID: 6548, CPU: 8.7%, Mem: 125.8 MB), dotnet (PID: 4559, CPU: 8.6%, Mem: 218.8 MB), dcp (PID: 5899, CPU: 6.2%, Mem: 91.9 MB), dotnet (PID: 4560, CPU: 5.3%, Mem: 185.5 MB), AspireLogsTestApp.ApiService (PID: 6134, CPU: 4.8%, Mem: 100.8 MB), dotnet (PID: 5381, CPU: 4.6%, Mem: 123.8 MB), dotnet (PID: 5382, CPU: 4.6%, Mem: 122.7 MB)
2026-02-04T16:22:32.7752573Z   [[32m+0[m/[31mx0[m/[33m?0[m] Aspire.Cli.EndToEnd.Tests.dll (net10.0|x64) - Aspire.Cli.EndToEnd.Tests.LogsCommandTests.LogsCommandShowsResourceLogs (1m 09s)
2026-02-04T16:22:32.7753650Z   
2026-02-04T16:22:35.7754077Z   [[32m+0[m/[31mx0[m/[33m?0[m] Aspire.Cli.EndToEnd.Tests.dll (net10.0|x64) - Aspire.Cli.EndToEnd.Tests.LogsCommandTests.LogsCommandShowsResourceLogs (1m 12s)
2026-02-04T16:22:35.7754994Z   
2026-02-04T16:22:36.7873081Z   [31mfailed[m Aspire.Cli.EndToEnd.Tests.LogsCommandTests.LogsCommandShowsResourceLogs[90m [90m(1m 12s 769ms)[m
2026-02-04T16:22:36.7886649Z   [31m  Xunit.Runner.InProc.SystemConsole.TestingPlatform.XunitException: System.TimeoutException : WaitUntil timed out after 00:00:10 waiting for condition.
2026-02-04T16:22:36.7888278Z     Terminal state:
2026-02-04T16:22:36.7889655Z     [16:22:10] [dbug] RunCommand: Child stderr: [16:22:10] [dbug] DotNetCliExecutionFactory: dotnet(5770) stdout:       GetDashboardUrlsAsync called on auxiliary ba
2026-02-04T16:22:36.7891111Z     ckchannel
2026-02-04T16:22:36.7892508Z     [16:22:10] [dbug] RunCommand: Child stderr: [16:22:10] [dbug] DotNetCliExecutionFactory: dotnet(5770) stdout: info: Aspire.Hosting.DistributedApplication[0]
2026-02-04T16:22:36.7894418Z     [16:22:10] [dbug] RunCommand: Child stderr: [16:22:10] [dbug] DotNetCliExecutionFactory: dotnet(5770) stdout:       Now listening on: https://localhost:17018
2026-02-04T16:22:36.7896258Z     [16:22:10] [dbug] RunCommand: Child stderr: [16:22:10] [dbug] DotNetCliExecutionFactory: dotnet(5770) stdout: info: Aspire.Hosting.DistributedApplication[0]
2026-02-04T16:22:36.7898106Z     [16:22:10] [dbug] RunCommand: Child stderr: [16:22:10] [dbug] DotNetCliExecutionFactory: dotnet(5770) stdout:       Login to the dashboard at https://localhost:
2026-02-04T16:22:36.7899307Z     17018/login?t=4016a9718c908041cc0361bf1e8e1bd4
2026-02-04T16:22:36.7899853Z     [16:22:10] [dbug] RunCommand: Child stdout:
2026-02-04T16:22:36.7901048Z     [16:22:10] [dbug] RunCommand: Child stdout:      AppHost:  AspireLogsTestApp.AppHost.csproj
2026-02-04T16:22:36.7901896Z     [16:22:10] [dbug] RunCommand: Child stdout:
2026-02-04T16:22:36.7903086Z     [16:22:10] [dbug] RunCommand: Child stdout:    Dashboard:  https://localhost:17018/login?t=4016a9718c908041cc0361bf1e8e1bd4
2026-02-04T16:22:36.7904082Z     [16:22:10] [dbug] RunCommand: Child stdout:
2026-02-04T16:22:36.7905009Z     [16:22:10] [dbug] RunCommand: Child stdout:         Logs:  /home/runner/.aspire/cli/logs/apphost-5569-2026-02-04-16-22-07.log
2026-02-04T16:22:36.7905976Z     [16:22:10] [dbug] RunCommand: Child stdout:
2026-02-04T16:22:36.7906765Z     [16:22:10] [dbug] RunCommand: Child stdout:                Press CTRL+C to stop the apphost and exit.
2026-02-04T16:22:36.7907573Z          AppHost:  AspireLogsTestApp.AppHost.csproj
2026-02-04T16:22:36.7908294Z        Dashboard:  https://localhost:17018/login?t=4016a9718c908041cc0361bf1e8e1bd4
2026-02-04T16:22:36.7909501Z             Logs:  /home/runner/.aspire/cli/logs/apphost-5785-2026-02-04-16-22-10.log
2026-02-04T16:22:36.7910153Z              PID:  5785
2026-02-04T16:22:36.7910692Z     ✔ AppHost started successfully.
2026-02-04T16:22:36.7911860Z     [16:22:10] [dbug] Features: Feature check: updateNotificationsEnabled, ConfigKey: features:updateNotificationsEnabled, Value: '(null)', DefaultValue: True
2026-02-04T16:22:36.7913584Z     [16:22:10] [dbug] Features: Feature updateNotificationsEnabled using default value: True
2026-02-04T16:22:36.7914989Z     [16:22:10] [dbug] Features: Feature check: showDeprecatedPackages, ConfigKey: features:showDeprecatedPackages, Value: '(null)', DefaultValue: False
2026-02-04T16:22:36.7916381Z     [16:22:10] [dbug] Features: Feature showDeprecatedPackages using default value: False
2026-02-04T16:22:36.7917771Z     [16:22:10] [dbug] Features: Feature check: showDeprecatedPackages, ConfigKey: features:showDeprecatedPackages, Value: '(null)', DefaultValue: False
2026-02-04T16:22:36.7919217Z     [16:22:10] [dbug] Features: Feature showDeprecatedPackages using default value: False
2026-02-04T16:22:36.7920609Z     [16:22:10] [dbug] Features: Feature check: showDeprecatedPackages, ConfigKey: features:showDeprecatedPackages, Value: '(null)', DefaultValue: False
2026-02-04T16:22:36.7922012Z     [16:22:10] [dbug] Features: Feature showDeprecatedPackages using default value: False
2026-02-04T16:22:36.7923596Z     [16:22:10] [dbug] Features: Feature check: showDeprecatedPackages, ConfigKey: features:showDeprecatedPackages, Value: '(null)', DefaultValue: False
2026-02-04T16:22:36.7924996Z     [16:22:10] [dbug] Features: Feature showDeprecatedPackages using default value: False
2026-02-04T16:22:36.7925930Z     [16:22:10] [dbug] CliUpdateNotifier: Current version: 13.2.0-pr.14105.gdb1d41b5
2026-02-04T16:22:36.7926616Z     Newest stable version: 13.1.0
2026-02-04T16:22:36.7927119Z     Newest prerelease version: 13.2.0-pr.14105.gdb1d41b5
2026-02-04T16:22:36.7927991Z     [16:22:10] [dbug] CliUpdateNotifier: No newer version for the current version 13.2.0-pr.14105.gdb1d41b5.
2026-02-04T16:22:36.7928818Z     [8 OK] $ sleep 15
2026-02-04T16:22:36.7929205Z     [9 OK] $ aspire logs apiservice > logs.txt 2>&1
2026-02-04T16:22:36.7929734Z     [10 OK] $ wc -l logs.txt && head -5 logs.txt
2026-02-04T16:22:36.7930188Z     4 logs.txt
2026-02-04T16:22:36.7930801Z     DOTNET_DbgEnableMiniDump is set and the createdump binary does not exist: createdump
2026-02-04T16:22:36.7931589Z     [11 OK] $ cat logs.txt | grep -E '\[apiservice\]' | head -3
2026-02-04T16:22:36.7932087Z     [12 OK] $
2026-02-04T16:22:36.7934340Z   [m[90m    at Hex1b.Automation.WaitUntilStep.ExecuteAsync(Hex1bTerminal terminal, Hex1bTerminalInputSequenceOptions options, CancellationToken ct) in /home/runner/work/hex1b/hex1b/src/Hex1b/Automation/WaitUntilStep.cs:35[90m
2026-02-04T16:22:36.7937963Z       at Hex1b.Automation.Hex1bTerminalInputSequence.ApplyAsync(Hex1bTerminal terminal, CancellationToken ct) in /home/runner/work/hex1b/hex1b/src/Hex1b/Automation/Hex1bTerminalInputSequence.cs:41[90m
2026-02-04T16:22:36.7940708Z       at Aspire.Cli.EndToEnd.Tests.LogsCommandTests.LogsCommandShowsResourceLogs() in /_/tests/Aspire.Cli.EndToEnd.Tests/LogsCommandTests.cs:161[90m
2026-02-04T16:22:36.7942068Z       --- End of stack trace from previous location ---
2026-02-04T16:22:36.7942932Z   [m[90m  Standard output
2026-02-04T16:22:36.7943979Z   [90m    Temporary workspace created at: /tmp/Aspire.Cli.Tests/TemporaryWorkspaces/374da558-296d-4bd6-8370-add0abb63b80
2026-02-04T16:22:36.7944901Z       
2026-02-04T16:22:36.7945174Z     Error output
2026-02-04T16:22:36.7945902Z   [m[[32m+0[m/[31mx1[m/[33m?0[m] Aspire.Cli.EndToEnd.Tests.dll (net10.0|x64)(1m 13s)
2026-02-04T16:22:36.7946577Z   
2026-02-04T16:22:36.8172810Z   Failed! - Failed: 1, Passed: 0, Skipped: 0, Total: 1, Duration: 1m 13s 040ms - Aspire.Cli.EndToEnd.Tests.dll (net10.0|x64)
2026-02-04T16:22:36.8770864Z   
2026-02-04T16:22:36.8774003Z   [31mTest run summary: Failed![90m - [m/home/runner/work/aspire/aspire/artifacts/bin/Aspire.Cli.EndToEnd.Tests/Debug/net10.0/Aspire.Cli.EndToEnd.Tests.dll (net10.0|x64)
2026-02-04T16:22:36.8775175Z   [m  total: 1
2026-02-04T16:22:36.8775389Z   [31m  failed: 1
2026-02-04T16:22:36.8775590Z   [m  succeeded: 0
2026-02-04T16:22:36.8775765Z     skipped: 0
2026-02-04T16:22:36.8775940Z     duration: 1m 13s 113ms
2026-02-04T16:22:36.9653146Z /home/runner/work/aspire/aspire/artifacts/bin/Aspire.Cli.EndToEnd.Tests/Debug/net10.0/Aspire.Cli.EndToEnd.Tests.dll : error run failed: Tests failed: '/home/runner/work/aspire/aspire/testresults/Aspire.Cli.EndToEnd.Tests_net10.0_x64.log' [net10.0|x64] [/home/runner/work/aspire/aspire/tests/Aspire.Cli.EndToEnd.Tests/Aspire.Cli.EndToEnd.Tests.csproj]
2026-02-04T16:22:38.7203312Z [2026-02-04T16:22:37.1483214Z] HEARTBEAT | CPU: 3.3% | Mem: 2.0/15.6 GB (13%) | Disk: /:56G/145G(39%) | Net: 47 est, 92 listen, 63 tw | Docker: 1 containers (CPU: 0.2%, Mem: 0.1%) | DCP: 6 procs (6.6%/435MB) [dcp(5899):4.8%/92MB, dcp(5913):1.0%/82MB, dcp(5972):0.2%/65MB, dcp(6039):0.2%/65MB, dcp(6040):0.2%/67MB, dcp(6467):0.2%/65MB] | Top: dotnet (PID: 5380, CPU: 18.7%, Mem: 187.6 MB), VBCSCompiler (PID: 4489, CPU: 17.0%, Mem: 319.9 MB), AspireLogsTestApp.AppHost (PID: 5785, CPU: 13.1%, Mem: 170.9 MB), dotnet (PID: 4559, CPU: 8.0%, Mem: 221.2 MB), AspireLogsTestApp.Web (PID: 6548, CPU: 6.4%, Mem: 126.6 MB), dcp (PID: 5899, CPU: 4.8%, Mem: 91.9 MB), dotnet (PID: 5381, CPU: 4.0%, Mem: 123.8 MB), dotnet (PID: 5382, CPU: 4.0%, Mem: 122.7 MB), AspireLogsTestApp.ApiService (PID: 6134, CPU: 3.9%, Mem: 106.9 MB), Runner.Worker (PID: 2014, CPU: 3.2%, Mem: 132.9 MB)
2026-02-04T16:22:42.0097058Z ##[error]Process completed with exit code 1.
2026-02-04T16:22:42.0168140Z ##[group]Run docker container ls --all
2026-02-04T16:22:42.0168447Z [36;1mdocker container ls --all[0m
2026-02-04T16:22:42.0168725Z [36;1mdocker container ls --all --format json[0m
2026-02-04T16:22:42.0168998Z [36;1mdocker volume ls[0m
2026-02-04T16:22:42.0169209Z [36;1mdocker network ls[0m
2026-02-04T16:22:42.0199860Z shell: /usr/bin/bash -e {0}
2026-02-04T16:22:42.0200084Z env:
2026-02-04T16:22:42.0200302Z   DOTNET_ROOT: /home/runner/work/aspire/aspire/.dotnet
2026-02-04T16:22:42.0200609Z   DOTNET_SCRIPT: ./dotnet.sh
2026-02-04T16:22:42.0200827Z   BUILD_SCRIPT: ./build.sh
2026-02-04T16:22:42.0201101Z   TEST_RUN_PATH: /home/runner/work/aspire/aspire/run-tests
2026-02-04T16:22:42.0201685Z   TEST_PROJECT_PATH: /home/runner/work/aspire/aspire/tests/Aspire.Cli.EndToEnd.Tests/Aspire.Cli.EndToEnd.Tests.csproj
2026-02-04T16:22:42.0202359Z   TEST_ASSEMBLY_NAME: Aspire.Cli.EndToEnd.Tests
2026-02-04T16:22:42.0202625Z ##[endgroup]
2026-02-04T16:22:42.0360855Z CONTAINER ID   IMAGE       COMMAND                  CREATED          STATUS          PORTS                       NAMES
2026-02-04T16:22:42.0362676Z 6cc94fa4ffb6   redis:8.2   "/bin/sh -c 'redis-s…"   29 seconds ago   Up 27 seconds   127.0.0.1:32768->6379/tcp   cache-qemzeekk
2026-02-04T16:22:42.0494042Z {"Command":"\"/bin/sh -c 'redis-s…\"","CreatedAt":"2026-02-04 16:22:13 +0000 UTC","ID":"6cc94fa4ffb6","Image":"redis:8.2","Labels":"com.microsoft.developer.usvc-dev.build=0.22.3,com.microsoft.developer.usvc-dev.pemCertificates=ca1de493e679bd444ecd00fad491f3986e0b13661fadbe1b29179e4fb7b0f256,com.microsoft.developer.usvc-dev.ports=6379/tcp,com.microsoft.developer.usvc-dev.uid=073db147-8aff-4e64-be8c-cd75e1c6e87f,com.microsoft.developer.usvc-dev.creatorProcessId=5913,com.microsoft.developer.usvc-dev.creatorProcessStartTime=0001-01-01T00:02:06.850Z,com.microsoft.developer.usvc-dev.env=REDIS_PASSWORD\nSSL_CERT_DIR,com.microsoft.developer.usvc-dev.group-version=usvc-dev.developer.microsoft.com/v1,com.microsoft.developer.usvc-dev.lifecycle-key=a23d260fba0ccb5ebc77ad35eafc2e0c,com.microsoft.developer.usvc-dev.name=cache-qemzeekk,com.microsoft.developer.usvc-dev.persistent=false","LocalVolumes":"1","Mounts":"ac4cab66fd7081…","Names":"cache-qemzeekk","Networks":"aspire-session-network-arrkugwg-AspireLogsTestApp","Ports":"127.0.0.1:32768-\u003e6379/tcp","RunningFor":"29 seconds ago","Size":"0B","State":"running","Status":"Up 27 seconds"}
2026-02-04T16:22:42.0609803Z DRIVER    VOLUME NAME
2026-02-04T16:22:42.0610435Z local     ac4cab66fd70815d72ad7daae52bf7b16f2fc706e94ec7eb92089347054fdda4
2026-02-04T16:22:42.0727652Z NETWORK ID     NAME                                                DRIVER    SCOPE
2026-02-04T16:22:42.0728582Z 143419ae8bef   aspire-session-network-arrkugwg-AspireLogsTestApp   bridge    local
2026-02-04T16:22:42.0729366Z b97ee3703927   bridge                                              bridge    local
2026-02-04T16:22:42.0730022Z e891ffe07847   host                                                host      local
2026-02-04T16:22:42.0730708Z c134d79f29c4   none                                                null      local
2026-02-04T16:22:42.0798201Z ##[group]Run actions/upload-artifact@4cec3d8aa04e39d1a68397de0c4cd6fb9dce8ec1
2026-02-04T16:22:42.0798598Z with:
2026-02-04T16:22:42.0798794Z   name: logs-LogsCommandTests-ubuntu-latest
2026-02-04T16:22:42.0799347Z   path: **/*.binlog
testresults/**
artifacts/bin/Aspire.Templates.Tests/Debug/net8.0/logs/**
artifacts/log/test-logs/**

2026-02-04T16:22:42.0799855Z   if-no-files-found: warn
2026-02-04T16:22:42.0800063Z   compression-level: 6
2026-02-04T16:22:42.0800253Z   overwrite: false
2026-02-04T16:22:42.0800436Z   include-hidden-files: false
2026-02-04T16:22:42.0800639Z env:
2026-02-04T16:22:42.0800835Z   DOTNET_ROOT: /home/runner/work/aspire/aspire/.dotnet
2026-02-04T16:22:42.0801132Z   DOTNET_SCRIPT: ./dotnet.sh
2026-02-04T16:22:42.0801338Z   BUILD_SCRIPT: ./build.sh
2026-02-04T16:22:42.0801585Z   TEST_RUN_PATH: /home/runner/work/aspire/aspire/run-tests
2026-02-04T16:22:42.0802430Z   TEST_PROJECT_PATH: /home/runner/work/aspire/aspire/tests/Aspire.Cli.EndToEnd.Tests/Aspire.Cli.EndToEnd.Tests.csproj
2026-02-04T16:22:42.0803295Z   TEST_ASSEMBLY_NAME: Aspire.Cli.EndToEnd.Tests
2026-02-04T16:22:42.0803554Z ##[endgroup]
2026-02-04T16:22:43.0682383Z With the provided path, there will be 6 files uploaded
2026-02-04T16:22:43.0684141Z Artifact name is valid!
2026-02-04T16:22:43.0685128Z Root directory input is valid!
2026-02-04T16:22:43.4218641Z Beginning upload of artifact content to blob storage
2026-02-04T16:22:44.2962738Z Uploaded bytes 1168916
2026-02-04T16:22:44.4028254Z Finished uploading artifact content to blob storage!
2026-02-04T16:22:44.4029392Z SHA256 hash of uploaded artifact zip is 2c44bf318bac80db30344a4e2730559d0a74ef81db95d11a4bad7214310b2ac6
2026-02-04T16:22:44.4030477Z Finalizing artifact upload
2026-02-04T16:22:44.6411501Z Artifact logs-LogsCommandTests-ubuntu-latest.zip successfully finalized. Artifact ID 5377119322
2026-02-04T16:22:44.6413137Z Artifact logs-LogsCommandTests-ubuntu-latest has been successfully uploaded! Final size is 1168916 bytes. Artifact ID is 5377119322
2026-02-04T16:22:44.6419853Z Artifact download URL: https://github.com/dotnet/aspire/actions/runs/21678872349/artifacts/5377119322
2026-02-04T16:22:44.6560240Z ##[group]Run if (Test-Path "/home/runner/work/aspire/aspire/testresults") {
2026-02-04T16:22:44.6560778Z [36;1mif (Test-Path "/home/runner/work/aspire/aspire/testresults") {[0m
2026-02-04T16:22:44.6561890Z [36;1m  & ./dotnet.sh run --project "/home/runner/work/aspire/aspire/tools/GenerateTestSummary/GenerateTestSummary.csproj" -- "/home/runner/work/aspire/aspire/testresults" -u "https://github.com/dotnet/aspire/actions/runs/21678872349/artifacts/5377119322"[0m
2026-02-04T16:22:44.6563073Z [36;1m}[0m
2026-02-04T16:22:44.6597136Z shell: /usr/bin/pwsh -command ". '{0}'"
2026-02-04T16:22:44.6597389Z env:
2026-02-04T16:22:44.6597606Z   DOTNET_ROOT: /home/runner/work/aspire/aspire/.dotnet
2026-02-04T16:22:44.6597903Z   DOTNET_SCRIPT: ./dotnet.sh
2026-02-04T16:22:44.6598109Z   BUILD_SCRIPT: ./build.sh
2026-02-04T16:22:44.6598359Z   TEST_RUN_PATH: /home/runner/work/aspire/aspire/run-tests
2026-02-04T16:22:44.6598958Z   TEST_PROJECT_PATH: /home/runner/work/aspire/aspire/tests/Aspire.Cli.EndToEnd.Tests/Aspire.Cli.EndToEnd.Tests.csproj
2026-02-04T16:22:44.6599510Z   TEST_ASSEMBLY_NAME: Aspire.Cli.EndToEnd.Tests
2026-02-04T16:22:44.6599957Z ##[endgroup]
2026-02-04T16:22:48.8630418Z Detected GitHub Actions environment. Writing to /home/runner/work/_temp/_runner_file_commands/step_summary_88150a5c-e334-4f35-a506-9bd7f895d299
2026-02-04T16:22:48.8632787Z ### LogsCommandTests (net10.0) (<a href="https://github.com/dotnet/aspire/actions/runs/21678872349/artifacts/5377119322">Logs</a>)
2026-02-04T16:22:48.8634137Z | Passed | Failed | Skipped | Total |
2026-02-04T16:22:48.8634708Z |--------|--------|---------|-------|
2026-02-04T16:22:48.8635246Z | 0 | 1 | 0 | 1 |
2026-02-04T16:22:48.8635479Z 
2026-02-04T16:22:48.8635619Z <div>
2026-02-04T16:22:48.8636879Z     <details><summary>🔴 <b>Aspire.Cli.EndToEnd.Tests.LogsCommandTests.LogsCommandShowsResourceLogs</b></summary>
2026-02-04T16:22:48.8637587Z 
2026-02-04T16:22:48.8637593Z 
2026-02-04T16:22:48.8637679Z ```yml
2026-02-04T16:22:48.8638165Z System.TimeoutException : WaitUntil timed out after 00:00:10 waiting for condition.
2026-02-04T16:22:48.8638930Z Terminal state:
2026-02-04T16:22:48.8639683Z [16:22:10] [dbug] RunCommand: Child stderr: [16:22:10] [dbug] DotNetCliExecutionFactory: dotnet(5770) stdout:       GetDashboardUrlsAsync called on auxiliary ba
2026-02-04T16:22:48.8640419Z ckchannel
2026-02-04T16:22:48.8641054Z [16:22:10] [dbug] RunCommand: Child stderr: [16:22:10] [dbug] DotNetCliExecutionFactory: dotnet(5770) stdout: info: Aspire.Hosting.DistributedApplication[0]
2026-02-04T16:22:48.8642518Z [16:22:10] [dbug] RunCommand: Child stderr: [16:22:10] [dbug] DotNetCliExecutionFactory: dotnet(5770) stdout:       Now listening on: https://localhost:17018
2026-02-04T16:22:48.8643738Z [16:22:10] [dbug] RunCommand: Child stderr: [16:22:10] [dbug] DotNetCliExecutionFactory: dotnet(5770) stdout: info: Aspire.Hosting.DistributedApplication[0]
2026-02-04T16:22:48.8644957Z [16:22:10] [dbug] RunCommand: Child stderr: [16:22:10] [dbug] DotNetCliExecutionFactory: dotnet(5770) stdout:       Login to the dashboard at https://localhost:
2026-02-04T16:22:48.8645751Z 17018/login?t=4016a9718c908041cc0361bf1e8e1bd4
2026-02-04T16:22:48.8646073Z [16:22:10] [dbug] RunCommand: Child stdout:
2026-02-04T16:22:48.8646558Z [16:22:10] [dbug] RunCommand: Child stdout:      AppHost:  AspireLogsTestApp.AppHost.csproj
2026-02-04T16:22:48.8647055Z [16:22:10] [dbug] RunCommand: Child stdout:
2026-02-04T16:22:48.8647679Z [16:22:10] [dbug] RunCommand: Child stdout:    Dashboard:  https://localhost:17018/login?t=4016a9718c908041cc0361bf1e8e1bd4
2026-02-04T16:22:48.8648296Z [16:22:10] [dbug] RunCommand: Child stdout:
2026-02-04T16:22:48.8648875Z [16:22:10] [dbug] RunCommand: Child stdout:         Logs:  /home/runner/.aspire/cli/logs/apphost-5569-2026-02-04-16-22-07.log
2026-02-04T16:22:48.8649426Z [16:22:10] [dbug] RunCommand: Child stdout:
2026-02-04T16:22:48.8649834Z [16:22:10] [dbug] RunCommand: Child stdout:                Press CTRL+C to stop the apphost and exit.
2026-02-04T16:22:48.8650667Z      AppHost:  AspireLogsTestApp.AppHost.csproj
2026-02-04T16:22:48.8651081Z    Dashboard:  https://localhost:17018/login?t=4016a9718c908041cc0361bf1e8e1bd4
2026-02-04T16:22:48.8651560Z         Logs:  /home/runner/.aspire/cli/logs/apphost-5785-2026-02-04-16-22-10.log
2026-02-04T16:22:48.8651906Z          PID:  5785
2026-02-04T16:22:48.8652412Z ✔ AppHost started successfully.
2026-02-04T16:22:48.8653062Z [16:22:10] [dbug] Features: Feature check: updateNotificationsEnabled, ConfigKey: features:updateNotificationsEnabled, Value: '(null)', DefaultValue: True
2026-02-04T16:22:48.8653849Z [16:22:10] [dbug] Features: Feature updateNotificationsEnabled using default value: True
2026-02-04T16:22:48.8654609Z [16:22:10] [dbug] Features: Feature check: showDeprecatedPackages, ConfigKey: features:showDeprecatedPackages, Value: '(null)', DefaultValue: False
2026-02-04T16:22:48.8655334Z [16:22:10] [dbug] Features: Feature showDeprecatedPackages using default value: False
2026-02-04T16:22:48.8656063Z [16:22:10] [dbug] Features: Feature check: showDeprecatedPackages, ConfigKey: features:showDeprecatedPackages, Value: '(null)', DefaultValue: False
2026-02-04T16:22:48.8656971Z [16:22:10] [dbug] Features: Feature showDeprecatedPackages using default value: False
2026-02-04T16:22:48.8657679Z [16:22:10] [dbug] Features: Feature check: showDeprecatedPackages, ConfigKey: features:showDeprecatedPackages, Value: '(null)', DefaultValue: False
2026-02-04T16:22:48.8658383Z [16:22:10] [dbug] Features: Feature showDeprecatedPackages using default value: False
2026-02-04T16:22:48.8659090Z [16:22:10] [dbug] Features: Feature check: showDeprecatedPackages, ConfigKey: features:showDeprecatedPackages, Value: '(null)', DefaultValue: False
2026-02-04T16:22:48.8659789Z [16:22:10] [dbug] Features: Feature showDeprecatedPackages using default value: False
2026-02-04T16:22:48.8660260Z [16:22:10] [dbug] CliUpdateNotifier: Current version: 13.2.0-pr.14105.gdb1d41b5
2026-02-04T16:22:48.8660613Z Newest stable version: 13.1.0
2026-02-04T16:22:48.8660878Z Newest prerelease version: 13.2.0-pr.14105.gdb1d41b5
2026-02-04T16:22:48.8661338Z [16:22:10] [dbug] CliUpdateNotifier: No newer version for the current version 13.2.0-pr.14105.gdb1d41b5.
2026-02-04T16:22:48.8661759Z [8 OK] $ sleep 15
2026-02-04T16:22:48.8661971Z [9 OK] $ aspire logs apiservice > logs.txt 2>&1
2026-02-04T16:22:48.8662434Z [10 OK] $ wc -l logs.txt && head -5 logs.txt
2026-02-04T16:22:48.8662677Z 4 logs.txt
2026-02-04T16:22:48.8662978Z DOTNET_DbgEnableMiniDump is set and the createdump binary does not exist: createdump
2026-02-04T16:22:48.8663425Z [11 OK] $ cat logs.txt | grep -E '\[apiservice\]' | head -3
2026-02-04T16:22:48.8664377Z [12 OK] $   at Hex1b.Automation.WaitUntilStep.ExecuteAsync(Hex1bTerminal terminal, Hex1bTerminalInputSequenceOptions options, CancellationToken ct) in /home/runner/work/hex1b/hex1b/src/Hex1b/Automation/WaitUntilStep.cs:line 35
2026-02-04T16:22:48.8665871Z    at Hex1b.Automation.Hex1bTerminalInputSequence.ApplyAsync(Hex1bTerminal terminal, CancellationToken ct) in /home/runner/work/hex1b/hex1b/src/Hex1b/Automation/Hex1bTerminalInputSequence.cs:line 41
2026-02-04T16:22:48.8667140Z    at Aspire.Cli.EndToEnd.Tests.LogsCommandTests.LogsCommandShowsResourceLogs() in /_/tests/Aspire.Cli.EndToEnd.Tests/LogsCommandTests.cs:line 161
2026-02-04T16:22:48.8668296Z --- End of stack trace from previous location ---
2026-02-04T16:22:48.8668654Z 
2026-02-04T16:22:48.8668758Z ### StdOut
2026-02-04T16:22:48.8669281Z Temporary workspace created at: /tmp/Aspire.Cli.Tests/TemporaryWorkspaces/374da558-296d-4bd6-8370-add0abb63b80
2026-02-04T16:22:48.8669694Z 
2026-02-04T16:22:48.8669754Z ```
2026-02-04T16:22:48.8669844Z 
2026-02-04T16:22:48.8669902Z </div>
2026-02-04T16:22:48.8669986Z 
2026-02-04T16:22:48.8669990Z 
2026-02-04T16:22:48.9561591Z Post job cleanup.
2026-02-04T16:22:49.0538097Z [command]/usr/bin/git version
2026-02-04T16:22:49.0586696Z git version 2.52.0
2026-02-04T16:22:49.0631624Z Temporarily overriding HOME='/home/runner/work/_temp/28021ad1-b48b-48b6-abb6-1c748c088f70' before making global git config changes
2026-02-04T16:22:49.0633218Z Adding repository directory to the temporary git global config as a safe directory
2026-02-04T16:22:49.0639214Z [command]/usr/bin/git config --global --add safe.directory /home/runner/work/aspire/aspire
2026-02-04T16:22:49.0685322Z [command]/usr/bin/git config --local --name-only --get-regexp core\.sshCommand
2026-02-04T16:22:49.0735857Z [command]/usr/bin/git submodule foreach --recursive sh -c "git config --local --name-only --get-regexp 'core\.sshCommand' && git config --local --unset-all 'core.sshCommand' || :"
2026-02-04T16:22:49.1006486Z [command]/usr/bin/git config --local --name-only --get-regexp http\.https\:\/\/github\.com\/\.extraheader
2026-02-04T16:22:49.1031220Z http.https://github.com/.extraheader
2026-02-04T16:22:49.1044913Z [command]/usr/bin/git config --local --unset-all http.https://github.com/.extraheader
2026-02-04T16:22:49.1077099Z [command]/usr/bin/git submodule foreach --recursive sh -c "git config --local --name-only --get-regexp 'http\.https\:\/\/github\.com\/\.extraheader' && git config --local --unset-all 'http.https://github.com/.extraheader' || :"
2026-02-04T16:22:49.1430871Z Cleaning up orphan processes
2026-02-04T16:22:49.1825842Z Terminate orphan process: pid (4489) (VBCSCompiler)
2026-02-04T16:22:49.1858236Z Terminate orphan process: pid (4531) (bash)
2026-02-04T16:22:49.1888470Z Terminate orphan process: pid (4559) (dotnet)
2026-02-04T16:22:49.1920578Z Terminate orphan process: pid (4705) (Heartbeat)
2026-02-04T16:22:49.1960717Z Terminate orphan process: pid (5380) (dotnet)
2026-02-04T16:22:49.2023461Z Terminate orphan process: pid (5381) (dotnet)
2026-02-04T16:22:49.2123529Z Terminate orphan process: pid (5382) (dotnet)
2026-02-04T16:22:49.2194276Z Terminate orphan process: pid (5569) (aspire)
2026-02-04T16:22:49.2255929Z Terminate orphan process: pid (5770) (dotnet)
2026-02-04T16:22:49.2322431Z Terminate orphan process: pid (5785) (AspireLogsTestApp.AppHost)
2026-02-04T16:22:49.2370335Z Terminate orphan process: pid (5856) (catatonit)
2026-02-04T16:22:49.2411017Z Terminate orphan process: pid (5899) (dcp)
2026-02-04T16:22:49.2455751Z Terminate orphan process: pid (5913) (dcp)
2026-02-04T16:22:49.2501360Z Terminate orphan process: pid (5971) (docker)
2026-02-04T16:22:49.2550402Z Terminate orphan process: pid (5972) (dcp)
2026-02-04T16:22:49.2597128Z Terminate orphan process: pid (6037) (docker)
2026-02-04T16:22:49.2665129Z Terminate orphan process: pid (6038) (dotnet)
2026-02-04T16:22:49.2723555Z Terminate orphan process: pid (6039) (dcp)
2026-02-04T16:22:49.2763306Z Terminate orphan process: pid (6040) (dcp)
2026-02-04T16:22:49.2794097Z Terminate orphan process: pid (6134) (AspireLogsTestApp.ApiService)
2026-02-04T16:22:49.2873451Z Terminate orphan process: pid (6466) (dotnet)
2026-02-04T16:22:49.2901486Z Terminate orphan process: pid (6467) (dcp)
2026-02-04T16:22:49.2948329Z Terminate orphan process: pid (6548) (AspireLogsTestApp.Web)
